Component: ARM Compiler 5.06 update 7 (build 960) Tool: armlink [4d3601]

==============================================================================

Section Cross References

    startup_stm32f103xb.o(RESET) refers to startup_stm32f103xb.o(STACK) for __initial_sp
    startup_stm32f103xb.o(RESET) refers to startup_stm32f103xb.o(.text) for Reset_Handler
    startup_stm32f103xb.o(RESET) refers to stm32f1xx_it.o(i.NMI_Handler) for NMI_Handler
    startup_stm32f103xb.o(RESET) refers to stm32f1xx_it.o(i.HardFault_Handler) for HardFault_Handler
    startup_stm32f103xb.o(RESET) refers to stm32f1xx_it.o(i.MemManage_Handler) for MemManage_Handler
    startup_stm32f103xb.o(RESET) refers to stm32f1xx_it.o(i.BusFault_Handler) for BusFault_Handler
    startup_stm32f103xb.o(RESET) refers to stm32f1xx_it.o(i.UsageFault_Handler) for UsageFault_Handler
    startup_stm32f103xb.o(RESET) refers to stm32f1xx_it.o(i.SVC_Handler) for SVC_Handler
    startup_stm32f103xb.o(RESET) refers to stm32f1xx_it.o(i.DebugMon_Handler) for DebugMon_Handler
    startup_stm32f103xb.o(RESET) refers to stm32f1xx_it.o(i.PendSV_Handler) for PendSV_Handler
    startup_stm32f103xb.o(RESET) refers to stm32f1xx_it.o(i.SysTick_Handler) for SysTick_Handler
    startup_stm32f103xb.o(RESET) refers to stm32f1xx_it.o(i.DMA1_Channel3_IRQHandler) for DMA1_Channel3_IRQHandler
    startup_stm32f103xb.o(RESET) refers to stm32f1xx_it.o(i.EXTI9_5_IRQHandler) for EXTI9_5_IRQHandler
    startup_stm32f103xb.o(RESET) refers to stm32f1xx_it.o(i.TIM1_UP_IRQHandler) for TIM1_UP_IRQHandler
    startup_stm32f103xb.o(RESET) refers to porttimer.o(i.TIM3_IRQHandler) for TIM3_IRQHandler
    startup_stm32f103xb.o(RESET) refers to stm32f1xx_it.o(i.TIM4_IRQHandler) for TIM4_IRQHandler
    startup_stm32f103xb.o(RESET) refers to portserial.o(i.USART2_IRQHandler) for USART2_IRQHandler
    startup_stm32f103xb.o(RESET) refers to stm32f1xx_it.o(i.USART3_IRQHandler) for USART3_IRQHandler
    startup_stm32f103xb.o(RESET) refers to stm32f1xx_it.o(i.EXTI15_10_IRQHandler) for EXTI15_10_IRQHandler
    startup_stm32f103xb.o(.text) refers to system_stm32f1xx.o(i.SystemInit) for SystemInit
    startup_stm32f103xb.o(.text) refers to entry.o(.ARM.Collect$$$$00000000) for __main
    aht20.o(i.AHT20_Init) refers to stm32f1xx_hal.o(i.HAL_Delay) for HAL_Delay
    aht20.o(i.AHT20_Init) refers to stm32f1xx_hal_i2c.o(i.HAL_I2C_Mem_Write) for HAL_I2C_Mem_Write
    aht20.o(i.AHT20_Init) refers to aht20.o(i.AHT20_ReadStatusCmd) for AHT20_ReadStatusCmd
    aht20.o(i.AHT20_Init) refers to i2c.o(.bss) for hi2c1
    aht20.o(i.AHT20_Read) refers to aht20.o(i.AHT20_Init) for AHT20_Init
    aht20.o(i.AHT20_Read) refers to aht20.o(i.AHT20_ReadHT) for AHT20_ReadHT
    aht20.o(i.AHT20_Read) refers to aht20.o(i.StandardUnitCon) for StandardUnitCon
    aht20.o(i.AHT20_Read) refers to fmul.o(.text) for __aeabi_fmul
    aht20.o(i.AHT20_Read) refers to ffixui.o(.text) for __aeabi_f2uiz
    aht20.o(i.AHT20_Read) refers to port.o(.bss) for REG_HOLD_BUF
    aht20.o(i.AHT20_ReadHT) refers to stm32f1xx_hal_i2c.o(i.HAL_I2C_Mem_Write) for HAL_I2C_Mem_Write
    aht20.o(i.AHT20_ReadHT) refers to stm32f1xx_hal.o(i.HAL_Delay) for HAL_Delay
    aht20.o(i.AHT20_ReadHT) refers to aht20.o(i.AHT20_ReadStatusCmd) for AHT20_ReadStatusCmd
    aht20.o(i.AHT20_ReadHT) refers to stm32f1xx_hal_i2c.o(i.HAL_I2C_Mem_Read) for HAL_I2C_Mem_Read
    aht20.o(i.AHT20_ReadHT) refers to i2c.o(.bss) for hi2c1
    aht20.o(i.AHT20_ReadStatusCmd) refers to stm32f1xx_hal_i2c.o(i.HAL_I2C_Mem_Read) for HAL_I2C_Mem_Read
    aht20.o(i.AHT20_ReadStatusCmd) refers to i2c.o(.bss) for hi2c1
    aht20.o(i.AHT20_Test) refers to oled.o(i.OLED_ShowStr) for OLED_ShowStr
    aht20.o(i.AHT20_Test) refers to aht20.o(i.AHT20_Init) for AHT20_Init
    aht20.o(i.AHT20_Test) refers to aht20.o(i.AHT20_ReadHT) for AHT20_ReadHT
    aht20.o(i.AHT20_Test) refers to aht20.o(i.StandardUnitCon) for StandardUnitCon
    aht20.o(i.AHT20_Test) refers to f2d.o(.text) for __aeabi_f2d
    aht20.o(i.AHT20_Test) refers to printfa.o(i.__0printf) for __2printf
    aht20.o(i.AHT20_Test) refers to printfa.o(i.__0sprintf) for __2sprintf
    aht20.o(i.StandardUnitCon) refers to dfltui.o(.text) for __aeabi_ui2d
    aht20.o(i.StandardUnitCon) refers to dmul.o(.text) for __aeabi_dmul
    aht20.o(i.StandardUnitCon) refers to dscalb.o(.text) for __ARM_scalbn
    aht20.o(i.StandardUnitCon) refers to d2f.o(.text) for __aeabi_d2f
    aht20.o(i.StandardUnitCon) refers to dadd.o(.text) for __aeabi_dsub
    ina226.o(i.INA226_Init) refers to stm32f1xx_hal_i2c.o(i.HAL_I2C_Master_Transmit) for HAL_I2C_Master_Transmit
    ina226.o(i.INA226_Init) refers to stm32f1xx_hal.o(i.HAL_Delay) for HAL_Delay
    ina226.o(i.INA226_Init) refers to i2c.o(.bss) for hi2c1
    ina226.o(i.INA226_Read) refers to ina226.o(i.INA226_Read_Current) for INA226_Read_Current
    ina226.o(i.INA226_Read) refers to ina226.o(i.INA226_Read_Bus_Voltage) for INA226_Read_Bus_Voltage
[...]
    eBytePos                                 0x200000da   Data           1  mbascii.o(.data)
    ucMBLFCharacter                          0x200000db   Data           1  mbascii.o(.data)
    usRcvBufferPos                           0x200000dc   Data           2  mbascii.o(.data)
    usSndBufferCount                         0x200000de   Data           2  mbascii.o(.data)
    ucASCIIBuf                               0x200000e0   Data           4  mbascii.o(.data)
    pucSndBufferCur                          0x200000e4   Data           4  mbascii.o(.data)
    .data                                    0x200000e8   Section        2  mbfuncother.o(.data)
    usMBSlaveIDLen                           0x200000e8   Data           2  mbfuncother.o(.data)
    .data                                    0x200000ec   Section       12  mbrtu.o(.data)
    eSndState                                0x200000ec   Data           1  mbrtu.o(.data)
    eRcvState                                0x200000ed   Data           1  mbrtu.o(.data)
    usSndBufferCount                         0x200000ee   Data           2  mbrtu.o(.data)
    usRcvBufferPos                           0x200000f0   Data           2  mbrtu.o(.data)
    pucSndBufferCur                          0x200000f4   Data           4  mbrtu.o(.data)
    .data                                    0x200000f8   Section       20  port.o(.data)
    .data                                    0x2000010c   Section        2  portevent.o(.data)
    eQueuedEvent                             0x2000010c   Data           1  portevent.o(.data)
    xEventInQueue                            0x2000010d   Data           1  portevent.o(.data)
    .data                                    0x20000110   Section       12  stm32f1xx_hal.o(.data)
    .data                                    0x2000011c   Section        4  system_stm32f1xx.o(.data)
    .data                                    0x20000120   Section        4  stdout.o(.data)
    .data                                    0x20000124   Section        4  mvars.o(.data)
    .data                                    0x20000128   Section        4  mvars.o(.data)
    .bss                                     0x2000012c   Section      264  fifo.o(.bss)
    .bss                                     0x20000234   Section      288  wifi4g.o(.bss)
    .bss                                     0x20000354   Section      416  mqtt.o(.bss)
    cpuid                                    0x20000354   Data          32  mqtt.o(.bss)
    sendbuf                                  0x20000374   Data         128  mqtt.o(.bss)
    buf                                      0x200003f4   Data         256  mqtt.o(.bss)
    .bss                                     0x200004f4   Section       48  adc.o(.bss)
    .bss                                     0x20000524   Section       84  i2c.o(.bss)
    .bss                                     0x20000578   Section      144  tim.o(.bss)
    .bss                                     0x20000608   Section      256  usart.o(.bss)
    .bss                                     0x20000708   Section      284  usart.o(.bss)
    .bss                                     0x20000824   Section       72  stm32f1xx_hal_timebase_tim.o(.bss)
    .bss                                     0x2000086c   Section       32  mbfuncother.o(.bss)
    ucMBSlaveID                              0x2000086c   Data          32  mbfuncother.o(.bss)
    .bss                                     0x2000088c   Section      256  mbrtu.o(.bss)
    .bss                                     0x2000098c   Section       40  port.o(.bss)
    HEAP                                     0x200009b8   Section      512  startup_stm32f103xb.o(HEAP)
    STACK                                    0x20000bb8   Section     1024  startup_stm32f103xb.o(STACK)

    Global Symbols

    Symbol Name                              Value     Ov Type        Size  Object(Section)

    BuildAttributes$$THM_ISAv4$P$D$K$B$S$PE$A:L22UL41UL21$X:L11$S22US41US21$IEEE1$IW$USESV6$~STKCKD$USESV7$~SHL$OTIME$ROPI$IEEEJ$EBA8$MICROLIB$REQ8$PRES8$EABIv2 0x00000000   Number         0  anon$$obj.o ABSOLUTE
    __ARM_use_no_argv                        0x00000000   Number         0  main.o ABSOLUTE
    _printf_a                                0x00000000   Number         0  stubs.o ABSOLUTE
    _printf_c                                0x00000000   Number         0  stubs.o ABSOLUTE
    _printf_charcount                        0x00000000   Number         0  stubs.o ABSOLUTE
    _printf_d                                0x00000000   Number         0  stubs.o ABSOLUTE
    _printf_e                                0x00000000   Number         0  stubs.o ABSOLUTE
    _printf_f                                0x00000000   Number         0  stubs.o ABSOLUTE
    _printf_flags                            0x00000000   Number         0  stubs.o ABSOLUTE
    _printf_fp_dec                           0x00000000   Number         0  stubs.o ABSOLUTE
    _printf_fp_hex                           0x00000000   Number         0  stubs.o ABSOLUTE
    _printf_g                                0x00000000   Number         0  stubs.o ABSOLUTE
    _printf_i                                0x00000000   Number         0  stubs.o ABSOLUTE
    _printf_int_dec                          0x00000000   Number         0  stubs.o ABSOLUTE
    _printf_l                                0x00000000   Number         0  stubs.o ABSOLUTE
    _printf_lc                               0x00000000   Number         0  stubs.o ABSOLUTE
    _printf_ll                               0x00000000   Number         0  stubs.o ABSOLUTE
    _printf_lld                              0x00000000   Number         0  stubs.o ABSOLUTE
    _printf_lli                              0x00000000   Number         0  stubs.o ABSOLUTE
    _printf_llo                              0x00000000   Number         0  stubs.o ABSOLUTE
    _printf_llu                              0x00000000   Number         0  stubs.o ABSOLUTE
    _printf_llx                              0x00000000   Number         0  stubs.o ABSOLUTE
    _printf_longlong_dec                     0x00000000   Number         0  stubs.o ABSOLUTE
    _printf_longlong_hex                     0x00000000   Number         0  stubs.o ABSOLUTE
    _printf_longlong_oct                     0x00000000   Number         0  stubs.o ABSOLUTE
    _printf_ls                               0x00000000   Number         0  stubs.o ABSOLUTE
    _printf_mbtowc                           0x00000000   Number         0  stubs.o ABSOLUTE
    _printf_n                                0x00000000   Number         0  stubs.o ABSOLUTE
    _printf_o                                0x00000000   Number         0  stubs.o ABSOLUTE
    _printf_p                                0x00000000   Number         0  stubs.o ABSOLUTE
    _printf_percent                          0x00000000   Number         0  stubs.o ABSOLUTE
    _printf_pre_padding                      0x00000000   Number         0  stubs.o ABSOLUTE
    _printf_return_value                     0x00000000   Number         0  stubs.o ABSOLUTE
    _printf_s                                0x00000000   Number         0  stubs.o ABSOLUTE
    _printf_sizespec                         0x00000000   Number         0  stubs.o ABSOLUTE
    _printf_str                              0x00000000   Number         0  stubs.o ABSOLUTE
    _printf_truncate_signed                  0x00000000   Number         0  stubs.o ABSOLUTE
    _printf_truncate_unsigned                0x00000000   Number         0  stubs.o ABSOLUTE
    _printf_u                                0x00000000   Number         0  stubs.o ABSOLUTE
    _printf_wc                               0x00000000   Number         0  stubs.o ABSOLUTE
    _printf_wctomb                           0x00000000   Number         0  stubs.o ABSOLUTE
    _printf_widthprec                        0x00000000   Number         0  stubs.o ABSOLUTE
    _printf_x                                0x00000000   Number         0  stubs.o ABSOLUTE
    __arm_fini_                               - Undefined Weak Reference
    __cpp_initialize__aeabi_                  - Undefined Weak Reference
    __cxa_finalize                            - Undefined Weak Reference
    _clock_init                               - Undefined Weak Reference
    _microlib_exit                            - Undefined Weak Reference
    _scanf_int                                - Undefined Weak Reference
    _scanf_longlong                           - Undefined Weak Reference
    _scanf_string                             - Undefined Weak Reference
    __Vectors_Size                           0x000000ec   Number         0  startup_stm32f103xb.o ABSOLUTE
    __Vectors                                0x08000000   Data           4  startup_stm32f103xb.o(RESET)
    __Vectors_End                            0x080000ec   Data           0  startup_stm32f103xb.o(RESET)
    __main                                   0x080000ed   Thumb Code     0  entry.o(.ARM.Collect$$$$00000000)
    _main_stk                                0x080000ed   Thumb Code     0  entry2.o(.ARM.Collect$$$$00000001)
    _main_scatterload                        0x080000f1   Thumb Code     0  entry5.o(.ARM.Collect$$$$00000004)
    __main_after_scatterload                 0x080000f5   Thumb Code     0  entry5.o(.ARM.Collect$$$$00000004)
    _main_clock                              0x080000f5   Thumb Code     0  entry7b.o(.ARM.Collect$$$$00000008)
    _main_cpp_init                           0x080000f5   Thumb Code     0  entry8b.o(.ARM.Collect$$$$0000000A)
    _main_init                               0x080000f5   Thumb Code     0  entry9a.o(.ARM.Collect$$$$0000000B)
    __rt_lib_shutdown_fini                   0x080000fd   Thumb Code     0  entry12b.o(.ARM.Collect$$$$0000000E)
    __rt_final_cpp                           0x08000101   Thumb Code     0  entry10a.o(.ARM.Collect$$$$0000000F)
    __rt_final_exit                          0x08000101   Thumb Code     0  entry11a.o(.ARM.Collect$$$$00000011)
    Reset_Handler                            0x08000105   Thumb Code     8  startup_stm32f103xb.o(.text)
    ADC1_2_IRQHandler                        0x0800011f   Thumb Code     0  startup_stm32f103xb.o(.text)
    CAN1_RX1_IRQHandler                      0x0800011f   Thumb Code     0  startup_stm32f103xb.o(.text)
    CAN1_SCE_IRQHandler                      0x0800011f   Thumb Code     0  startup_stm32f103xb.o(.text)
    DMA1_Channel1_IRQHandler                 0x0800011f   Thumb Code     0  startup_stm32f103xb.o(.text)
    DMA1_Channel2_IRQHandler                 0x0800011f   Thumb Code     0  startup_stm32f103xb.o(.text)
    DMA1_Channel4_IRQHandler                 0x0800011f   Thumb Code     0  startup_stm32f103xb.o(.text)
    DMA1_Channel5_IRQHandler                 0x0800011f   Thumb Code     0  startup_stm32f103xb.o(.text)
    DMA1_Channel6_IRQHandler                 0x0800011f   Thumb Code     0  startup_stm32f103xb.o(.text)
    DMA1_Channel7_IRQHandler                 0x0800011f   Thumb Code     0  startup_stm32f103xb.o(.text)
    EXTI0_IRQHandler                         0x0800011f   Thumb Code     0  startup_stm32f103xb.o(.text)
    EXTI1_IRQHandler                         0x0800011f   Thumb Code     0  startup_stm32f103xb.o(.text)
    EXTI2_IRQHandler                         0x0800011f   Thumb Code     0  startup_stm32f103xb.o(.text)
    EXTI3_IRQHandler                         0x0800011f   Thumb Code     0  startup_stm32f103xb.o(.text)
    EXTI4_IRQHandler                         0x0800011f   Thumb Code     0  startup_stm32f103xb.o(.text)
    FLASH_IRQHandler                         0x0800011f   Thumb Code     0  startup_stm32f103xb.o(.text)
    I2C1_ER_IRQHandler                       0x0800011f   Thumb Code     0  startup_stm32f103xb.o(.text)
    I2C1_EV_IRQHandler                       0x0800011f   Thumb Code     0  startup_stm32f103xb.o(.text)
    I2C2_ER_IRQHandler                       0x0800011f   Thumb Code     0  startup_stm32f103xb.o(.text)
    I2C2_EV_IRQHandler                       0x0800011f   Thumb Code     0  startup_stm32f103xb.o(.text)
    PVD_IRQHandler                           0x0800011f   Thumb Code     0  startup_stm32f103xb.o(.text)
    RCC_IRQHandler                           0x0800011f   Thumb Code     0  startup_stm32f103xb.o(.text)
    RTC_Alarm_IRQHandler                     0x0800011f   Thumb Code     0  startup_stm32f103xb.o(.text)
    RTC_IRQHandler                           0x0800011f   Thumb Code     0  startup_stm32f103xb.o(.text)
    SPI1_IRQHandler                          0x0800011f   Thumb Code     0  startup_stm32f103xb.o(.text)
    SPI2_IRQHandler                          0x0800011f   Thumb Code     0  startup_stm32f103xb.o(.text)
    TAMPER_IRQHandler                        0x0800011f   Thumb Code     0  startup_stm32f103xb.o(.text)
    TIM1_BRK_IRQHandler                      0x0800011f   Thumb Code     0  startup_stm32f103xb.o(.text)
    TIM1_CC_IRQHandler                       0x0800011f   Thumb Code     0  startup_stm32f103xb.o(.text)
    TIM1_TRG_COM_IRQHandler                  0x0800011f   Thumb Code     0  startup_stm32f103xb.o(.text)
    TIM2_IRQHandler                          0x0800011f   Thumb Code     0  startup_stm32f103xb.o(.text)
    USART1_IRQHandler                        0x0800011f   Thumb Code     0  startup_stm32f103xb.o(.text)
    USBWakeUp_IRQHandler                     0x0800011f   Thumb Code     0  startup_stm32f103xb.o(.text)
    USB_HP_CAN1_TX_IRQHandler                0x0800011f   Thumb Code     0  startup_stm32f103xb.o(.text)
    USB_LP_CAN1_RX0_IRQHandler               0x0800011f   Thumb Code     0  startup_stm32f103xb.o(.text)
    WWDG_IRQHandler                          0x0800011f   Thumb Code     0  startup_stm32f103xb.o(.text)
    __aeabi_llsr                             0x08000129   Thumb Code    32  llushr.o(.text)
    _ll_ushift_r                             0x08000129   Thumb Code     0  llushr.o(.text)
    tolower                                  0x08000149   Thumb Code    12  tolower.o(.text)
    __aeabi_memcpy                           0x08000155   Thumb Code    36  memcpya.o(.text)
    __aeabi_memcpy4                          0x08000155   Thumb Code     0  memcpya.o(.text)
    __aeabi_memcpy8                          0x08000155   Thumb Code     0  memcpya.o(.text)
    __aeabi_memset                           0x08000179   Thumb Code    14  memseta.o(.text)
    __aeabi_memset4                          0x08000179   Thumb Code     0  memseta.o(.text)
    __aeabi_memset8                          0x08000179   Thumb Code     0  memseta.o(.text)
    __aeabi_memclr                           0x08000187   Thumb Code     4  memseta.o(.text)
    __aeabi_memclr4                          0x08000187   Thumb Code     0  memseta.o(.text)
    __aeabi_memclr8                          0x08000187   Thumb Code     0  memseta.o(.text)
    _memset$wrapper                          0x0800018b   Thumb Code    18  memseta.o(.text)
    strstr                                   0x0800019d   Thumb Code    36  strstr.o(.text)
    strlen                                   0x080001c1   Thumb Code    14  strlen.o(.text)
    strcmp                                   0x080001cf   Thumb Code    28  strcmp.o(.text)
    memcmp                                   0x080001eb   Thumb Code    26  memcmp.o(.text)
    strcpy                                   0x08000205   Thumb Code    18  strcpy.o(.text)
    strncmp                                  0x08000217   Thumb Code    30  strncmp.o(.text)
    _scanf_real                              0x0800035d   Thumb Code     0  scanf_fp.o(.text)
    _scanf_really_real                       0x0800035d   Thumb Code   556  scanf_fp.o(.text)
    __aeabi_fmul                             0x08000595   Thumb Code   100  fmul.o(.text)
    __aeabi_fdiv                             0x080005f9   Thumb Code   124  fdiv.o(.text)
    __aeabi_dadd                             0x08000675   Thumb Code   322  dadd.o(.text)
    __aeabi_dsub                             0x080007b7   Thumb Code     6  dadd.o(.text)
    __aeabi_drsub                            0x080007bd   Thumb Code     6  dadd.o(.text)
    __aeabi_dmul                             0x080007c3   Thumb Code   228  dmul.o(.text)
    __aeabi_ddiv                             0x080008a7   Thumb Code   222  ddiv.o(.text)
    __ARM_scalbn                             0x08000985   Thumb Code    46  dscalb.o(.text)
    scalbn                                   0x08000985   Thumb Code     0  dscalb.o(.text)
    __aeabi_ui2f                             0x080009b3   Thumb Code    10  ffltui.o(.text)
    __aeabi_ui2d                             0x080009bd   Thumb Code    26  dfltui.o(.text)
    __aeabi_f2uiz                            0x080009d7   Thumb Code    40  ffixui.o(.text)
    __aeabi_d2iz                             0x080009ff   Thumb Code    62  dfixi.o(.text)
    __aeabi_cdcmpeq                          0x08000a3d   Thumb Code     0  cdcmple.o(.text)
    __aeabi_cdcmple                          0x08000a3d   Thumb Code    48  cdcmple.o(.text)
    __aeabi_cdrcmple                         0x08000a6d   Thumb Code    48  cdrcmple.o(.text)
    __aeabi_d2f                              0x08000a9d   Thumb Code    56  d2f.o(.text)
    __aeabi_uidiv                            0x08000ad5   Thumb Code     0  uidiv.o(.text)
    __aeabi_uidivmod                         0x08000ad5   Thumb Code    44  uidiv.o(.text)
    __aeabi_uldivmod                         0x08000b01   Thumb Code    98  uldiv.o(.text)
    __aeabi_llsl                             0x08000b63   Thumb Code    30  llshl.o(.text)
    _ll_shift_l                              0x08000b63   Thumb Code     0  llshl.o(.text)
    __aeabi_lasr                             0x08000b81   Thumb Code    36  llsshr.o(.text)
    _ll_sshift_r                             0x08000b81   Thumb Code     0  llsshr.o(.text)
    _sgetc                                   0x08000ba5   Thumb Code    30  _sgetc.o(.text)
    _sbackspace                              0x08000bc3   Thumb Code    34  _sgetc.o(.text)
    __strtod_int                             0x08000c1b   Thumb Code    90  strtod.o(.text)
    __I$use$fp                               0x08000c81   Thumb Code     0  iusefp.o(.text)
    _float_round                             0x08000c81   Thumb Code    18  fepilogue.o(.text)
    _float_epilogue                          0x08000c93   Thumb Code    92  fepilogue.o(.text)
    _double_round                            0x08000cef   Thumb Code    30  depilogue.o(.text)
    _double_epilogue                         0x08000d0d   Thumb Code   156  depilogue.o(.text)
    __aeabi_ul2d                             0x08000da9   Thumb Code    24  dfltul.o(.text)
    __aeabi_d2ulz                            0x08000dc1   Thumb Code    48  dfixul.o(.text)
    __scatterload                            0x08000df1   Thumb Code    28  init.o(.text)
    __scatterload_rt2                        0x08000df1   Thumb Code     0  init.o(.text)
    isspace                                  0x08000e15   Thumb Code    10  isspace_c.o(.text)
    __ctype_lookup                           0x08000e21   Thumb Code    34  ctype_c.o(.text)
    __decompress                             0x08000e49   Thumb Code     0  __dczerorl2.o(.text)
    __decompress1                            0x08000e49   Thumb Code    86  __dczerorl2.o(.text)
    ADC_ConversionStop_Disable               0x08000ea1   Thumb Code    86  stm32f1xx_hal_adc.o(i.ADC_ConversionStop_Disable)
    ADC_Enable                               0x08000ef9   Thumb Code   114  stm32f1xx_hal_adc.o(i.ADC_Enable)
    ADC_VR_CPU_Read                          0x08000f75   Thumb Code   248  adc.o(i.ADC_VR_CPU_Read)
    AHT20_Init                               0x08001095   Thumb Code   148  aht20.o(i.AHT20_Init)
    AHT20_Read                               0x0800112d   Thumb Code    76  aht20.o(i.AHT20_Read)
    AHT20_ReadHT                             0x08001181   Thumb Code   160  aht20.o(i.AHT20_ReadHT)
    BEEP_Control                             0x0800124d   Thumb Code    28  gpio.o(i.BEEP_Control)
    BusFault_Handler                         0x0800126d   Thumb Code     2  stm32f1xx_it.o(i.BusFault_Handler)
    DMA1_Channel3_IRQHandler                 0x08001271   Thumb Code     6  stm32f1xx_it.o(i.DMA1_Channel3_IRQHandler)
    DebugMon_Handler                         0x080012a7   Thumb Code     2  stm32f1xx_it.o(i.DebugMon_Handler)
    Dequeue                                  0x080012a9   Thumb Code    48  fifo.o(i.Dequeue)
    ESP8266_Connect_WIFI                     0x080012d9   Thumb Code   334  wifi4g.o(i.ESP8266_Connect_WIFI)
    ESP8266_Init                             0x0800152d   Thumb Code    22  wifi4g.o(i.ESP8266_Init)
    EXTI15_10_IRQHandler                     0x08001555   Thumb Code    38  stm32f1xx_it.o(i.EXTI15_10_IRQHandler)
    EXTI9_5_IRQHandler                       0x0800157b   Thumb Code    20  stm32f1xx_it.o(i.EXTI9_5_IRQHandler)
    Enqueue                                  0x08001591   Thumb Code    52  fifo.o(i.Enqueue)
    Enqueue_Bytes                            0x080015d5   Thumb Code    48  fifo.o(i.Enqueue_Bytes)
    Error_Handler                            0x08001605   Thumb Code     4  main.o(i.Error_Handler)
    Get_CPUID                                0x08001609   Thumb Code    28  mqtt.o(i.Get_CPUID)
    HAL_ADCEx_Calibration_Start              0x0800163d   Thumb Code   210  stm32f1xx_hal_adc_ex.o(i.HAL_ADCEx_Calibration_Start)
    HAL_ADC_ConfigChannel                    0x08001715   Thumb Code   240  stm32f1xx_hal_adc.o(i.HAL_ADC_ConfigChannel)
    HAL_ADC_GetValue                         0x08001811   Thumb Code     6  stm32f1xx_hal_adc.o(i.HAL_ADC_GetValue)
    HAL_ADC_Init                             0x08001819   Thumb Code   272  stm32f1xx_hal_adc.o(i.HAL_ADC_Init)
    HAL_ADC_MspInit                          0x08001935   Thumb Code    76  adc.o(i.HAL_ADC_MspInit)
    HAL_ADC_PollForConversion                0x0800198d   Thumb Code   304  stm32f1xx_hal_adc.o(i.HAL_ADC_PollForConversion)
    HAL_ADC_Start                            0x08001ac9   Thumb Code   184  stm32f1xx_hal_adc.o(i.HAL_ADC_Start)
    HAL_DMA_Abort                            0x08001b89   Thumb Code    70  stm32f1xx_hal_dma.o(i.HAL_DMA_Abort)
    HAL_DMA_Abort_IT                         0x08001bd1   Thumb Code   148  stm32f1xx_hal_dma.o(i.HAL_DMA_Abort_IT)
    HAL_DMA_IRQHandler                       0x08001c69   Thumb Code   316  stm32f1xx_hal_dma.o(i.HAL_DMA_IRQHandler)
    HAL_DMA_Init                             0x08001dbd   Thumb Code    84  stm32f1xx_hal_dma.o(i.HAL_DMA_Init)
    HAL_DMA_Start_IT                         0x08001e19   Thumb Code   112  stm32f1xx_hal_dma.o(i.HAL_DMA_Start_IT)
    HAL_Delay                                0x08001e89   Thumb Code    32  stm32f1xx_hal.o(i.HAL_Delay)
    HAL_GPIO_EXTI_Callback                   0x08001ead   Thumb Code    82  stm32f1xx_it.o(i.HAL_GPIO_EXTI_Callback)
    HAL_GPIO_EXTI_IRQHandler                 0x08001f0d   Thumb Code    18  stm32f1xx_hal_gpio.o(i.HAL_GPIO_EXTI_IRQHandler)
    HAL_GPIO_Init                            0x08001f25   Thumb Code   446  stm32f1xx_hal_gpio.o(i.HAL_GPIO_Init)
    HAL_GPIO_WritePin                        0x08002105   Thumb Code    10  stm32f1xx_hal_gpio.o(i.HAL_GPIO_WritePin)
    HAL_GetTick                              0x08002111   Thumb Code     6  stm32f1xx_hal.o(i.HAL_GetTick)
    HAL_I2C_Init                             0x0800211d   Thumb Code   376  stm32f1xx_hal_i2c.o(i.HAL_I2C_Init)
    HAL_I2C_Master_Receive                   0x080022a5   Thumb Code   576  stm32f1xx_hal_i2c.o(i.HAL_I2C_Master_Receive)
    HAL_I2C_Master_Transmit                  0x080024f5   Thumb Code   290  stm32f1xx_hal_i2c.o(i.HAL_I2C_Master_Transmit)
    HAL_I2C_Mem_Read                         0x08002621   Thumb Code   586  stm32f1xx_hal_i2c.o(i.HAL_I2C_Mem_Read)
    HAL_I2C_Mem_Write                        0x0800287d   Thumb Code   294  stm32f1xx_hal_i2c.o(i.HAL_I2C_Mem_Write)
    HAL_I2C_MspInit                          0x080029ad   Thumb Code    80  i2c.o(i.HAL_I2C_MspInit)
    HAL_IncTick                              0x08002a09   Thumb Code    12  stm32f1xx_hal.o(i.HAL_IncTick)
    HAL_Init                                 0x08002a19   Thumb Code    32  stm32f1xx_hal.o(i.HAL_Init)
    HAL_InitTick                             0x08002a3d   Thumb Code   118  stm32f1xx_hal_timebase_tim.o(i.HAL_InitTick)
    HAL_MspInit                              0x08002ac9   Thumb Code    38  stm32f1xx_hal_msp.o(i.HAL_MspInit)
    HAL_NVIC_EnableIRQ                       0x08002af5   Thumb Code    26  stm32f1xx_hal_cortex.o(i.HAL_NVIC_EnableIRQ)
    HAL_NVIC_SetPriority                     0x08002b11   Thumb Code    60  stm32f1xx_hal_cortex.o(i.HAL_NVIC_SetPriority)
    HAL_NVIC_SetPriorityGrouping             0x08002b51   Thumb Code    26  stm32f1xx_hal_cortex.o(i.HAL_NVIC_SetPriorityGrouping)
    HAL_RCCEx_GetPeriphCLKFreq               0x08002b75   Thumb Code   148  stm32f1xx_hal_rcc_ex.o(i.HAL_RCCEx_GetPeriphCLKFreq)
    HAL_RCCEx_PeriphCLKConfig                0x08002c19   Thumb Code   224  stm32f1xx_hal_rcc_ex.o(i.HAL_RCCEx_PeriphCLKConfig)
    HAL_RCC_ClockConfig                      0x08002d05   Thumb Code   280  stm32f1xx_hal_rcc.o(i.HAL_RCC_ClockConfig)
    HAL_RCC_GetClockConfig                   0x08002e31   Thumb Code    54  stm32f1xx_hal_rcc.o(i.HAL_RCC_GetClockConfig)
    HAL_RCC_GetPCLK1Freq                     0x08002e71   Thumb Code    20  stm32f1xx_hal_rcc.o(i.HAL_RCC_GetPCLK1Freq)
    HAL_RCC_GetPCLK2Freq                     0x08002e91   Thumb Code    20  stm32f1xx_hal_rcc.o(i.HAL_RCC_GetPCLK2Freq)
    HAL_RCC_GetSysClockFreq                  0x08002eb1   Thumb Code    58  stm32f1xx_hal_rcc.o(i.HAL_RCC_GetSysClockFreq)
    HAL_RCC_OscConfig                        0x08002efd   Thumb Code   778  stm32f1xx_hal_rcc.o(i.HAL_RCC_OscConfig)
    HAL_TIMEx_BreakCallback                  0x0800321d   Thumb Code     2  stm32f1xx_hal_tim_ex.o(i.HAL_TIMEx_BreakCallback)
    HAL_TIMEx_CommutCallback                 0x0800321f   Thumb Code     2  stm32f1xx_hal_tim_ex.o(i.HAL_TIMEx_CommutCallback)
    HAL_TIMEx_MasterConfigSynchronization    0x08003221   Thumb Code    92  stm32f1xx_hal_tim_ex.o(i.HAL_TIMEx_MasterConfigSynchronization)
    HAL_TIM_Base_Init                        0x08003289   Thumb Code    90  stm32f1xx_hal_tim.o(i.HAL_TIM_Base_Init)
    HAL_TIM_Base_MspInit                     0x080032e5   Thumb Code    86  tim.o(i.HAL_TIM_Base_MspInit)
    HAL_TIM_Base_Start_IT                    0x08003349   Thumb Code    76  stm32f1xx_hal_tim.o(i.HAL_TIM_Base_Start_IT)
    HAL_TIM_Base_Stop                        0x080033a1   Thumb Code    38  stm32f1xx_hal_tim.o(i.HAL_TIM_Base_Stop)
    HAL_TIM_ConfigClockSource                0x080033c7   Thumb Code   220  stm32f1xx_hal_tim.o(i.HAL_TIM_ConfigClockSource)
    HAL_TIM_IC_CaptureCallback               0x080034a3   Thumb Code     2  stm32f1xx_hal_tim.o(i.HAL_TIM_IC_CaptureCallback)
    HAL_TIM_IRQHandler                       0x080034a5   Thumb Code   304  stm32f1xx_hal_tim.o(i.HAL_TIM_IRQHandler)
    HAL_TIM_OC_DelayElapsedCallback          0x080035d5   Thumb Code     2  stm32f1xx_hal_tim.o(i.HAL_TIM_OC_DelayElapsedCallback)
    HAL_TIM_PWM_PulseFinishedCallback        0x080035d7   Thumb Code     2  stm32f1xx_hal_tim.o(i.HAL_TIM_PWM_PulseFinishedCallback)
    HAL_TIM_PeriodElapsedCallback            0x080035d9   Thumb Code    90  main.o(i.HAL_TIM_PeriodElapsedCallback)
    HAL_TIM_TriggerCallback                  0x08003655   Thumb Code     2  stm32f1xx_hal_tim.o(i.HAL_TIM_TriggerCallback)
    HAL_UARTEx_RxEventCallback               0x08003657   Thumb Code     2  stm32f1xx_hal_uart.o(i.HAL_UARTEx_RxEventCallback)
    HAL_UART_DMAStop                         0x08003659   Thumb Code   112  stm32f1xx_hal_uart.o(i.HAL_UART_DMAStop)
    HAL_UART_ErrorCallback                   0x080036c9   Thumb Code     2  stm32f1xx_hal_uart.o(i.HAL_UART_ErrorCallback)
    HAL_UART_IRQHandler                      0x080036cd   Thumb Code   616  stm32f1xx_hal_uart.o(i.HAL_UART_IRQHandler)
    HAL_UART_Init                            0x08003939   Thumb Code   100  stm32f1xx_hal_uart.o(i.HAL_UART_Init)
    HAL_UART_MspInit                         0x0800399d   Thumb Code   318  usart.o(i.HAL_UART_MspInit)
    HAL_UART_Receive_DMA                     0x08003afd   Thumb Code    28  stm32f1xx_hal_uart.o(i.HAL_UART_Receive_DMA)
    HAL_UART_RxCpltCallback                  0x08003b19   Thumb Code    44  stm32f1xx_it.o(i.HAL_UART_RxCpltCallback)
    HAL_UART_RxHalfCpltCallback              0x08003b61   Thumb Code    50  stm32f1xx_it.o(i.HAL_UART_RxHalfCpltCallback)
    HAL_UART_Transmit                        0x08003bb1   Thumb Code   160  stm32f1xx_hal_uart.o(i.HAL_UART_Transmit)
    HAL_UART_TxCpltCallback                  0x08003c51   Thumb Code     2  stm32f1xx_hal_uart.o(i.HAL_UART_TxCpltCallback)
    HardFault_Handler                        0x08003c53   Thumb Code     2  stm32f1xx_it.o(i.HardFault_Handler)
    INA226_Init                              0x0800421d   Thumb Code    72  ina226.o(i.INA226_Init)
    INA226_Read                              0x08004269   Thumb Code   102  ina226.o(i.INA226_Read)
    INA226_Read_Bus_Voltage                  0x080042e9   Thumb Code    46  ina226.o(i.INA226_Read_Bus_Voltage)
    INA226_Read_Current                      0x08004321   Thumb Code    46  ina226.o(i.INA226_Read_Current)
    INA226_Read_Pow                          0x08004359   Thumb Code    46  ina226.o(i.INA226_Read_Pow)
    LED_Control                              0x08004391   Thumb Code    42  gpio.o(i.LED_Control)
    MQTT_Parse_JsonData                      0x080043c1   Thumb Code   162  mqtt.o(i.MQTT_Parse_JsonData)
    MQTT_SendData                            0x08004499   Thumb Code    86  mqtt.o(i.MQTT_SendData)
    MQTT_WIFI_Connect_Server                 0x0800452d   Thumb Code   240  mqtt.o(i.MQTT_WIFI_Connect_Server)
    MX_ADC1_Init                             0x08004705   Thumb Code    76  adc.o(i.MX_ADC1_Init)
    MX_DMA_Init                              0x08004759   Thumb Code    40  dma.o(i.MX_DMA_Init)
    MX_GPIO_Init                             0x08004785   Thumb Code   278  gpio.o(i.MX_GPIO_Init)
    MX_I2C1_Init                             0x080048b1   Thumb Code    50  i2c.o(i.MX_I2C1_Init)
    MX_TIM4_Init                             0x080048f1   Thumb Code    94  tim.o(i.MX_TIM4_Init)
    MX_USART1_UART_Init                      0x08004959   Thumb Code    48  usart.o(i.MX_USART1_UART_Init)
    MX_USART2_UART_Init                      0x08004991   Thumb Code    48  usart.o(i.MX_USART2_UART_Init)
    MX_USART3_UART_Init                      0x080049c9   Thumb Code    48  usart.o(i.MX_USART3_UART_Init)
    MemManage_Handler                        0x08004a01   Thumb Code     2  stm32f1xx_it.o(i.MemManage_Handler)
    Modbus_Init                              0x08004a05   Thumb Code    44  modbus.o(i.Modbus_Init)
    Modbus_Parse                             0x08004a49   Thumb Code   130  modbus.o(i.Modbus_Parse)
    NMI_Handler                              0x08004ad5   Thumb Code     2  stm32f1xx_it.o(i.NMI_Handler)
    OLED_CLS                                 0x08004ad7   Thumb Code     6  oled.o(i.OLED_CLS)
    OLED_Fill                                0x08004add   Thumb Code    56  oled.o(i.OLED_Fill)
    OLED_Init                                0x08004b15   Thumb Code   180  oled.o(i.OLED_Init)
    OLED_SetPos                              0x08004bc9   Thumb Code    38  oled.o(i.OLED_SetPos)
    OLED_ShowStr                             0x08004bf1   Thumb Code   208  oled.o(i.OLED_ShowStr)
    PendSV_Handler                           0x08004cc9   Thumb Code     2  stm32f1xx_it.o(i.PendSV_Handler)
    Queue_Init                               0x08004ccb   Thumb Code    22  fifo.o(i.Queue_Init)
    Queue_IsEmpty                            0x08004ce1   Thumb Code    16  fifo.o(i.Queue_IsEmpty)
    Queue_IsFull                             0x08004cf1   Thumb Code    34  fifo.o(i.Queue_IsFull)
    RELAY_Control                            0x08004d15   Thumb Code    26  gpio.o(i.RELAY_Control)
    ReadSlaveAddress                         0x08004d35   Thumb Code    38  modbus.o(i.ReadSlaveAddress)
    SVC_Handler                              0x08004d61   Thumb Code     2  stm32f1xx_it.o(i.SVC_Handler)
    StandardUnitCon                          0x08004d65   Thumb Code   108  aht20.o(i.StandardUnitCon)
    SysTick_Handler                          0x08004de9   Thumb Code     2  stm32f1xx_it.o(i.SysTick_Handler)
    SystemClock_Config                       0x08004deb   Thumb Code   120  main.o(i.SystemClock_Config)
    SystemInit                               0x08004e63   Thumb Code     2  system_stm32f1xx.o(i.SystemInit)
    TIM1_UP_IRQHandler                       0x08004e65   Thumb Code     6  stm32f1xx_it.o(i.TIM1_UP_IRQHandler)
    TIM3_IRQHandler                          0x08004e71   Thumb Code    24  porttimer.o(i.TIM3_IRQHandler)
    TIM4_IRQHandler                          0x08004e91   Thumb Code     6  stm32f1xx_it.o(i.TIM4_IRQHandler)
    TIM_Base_SetConfig                       0x08004e9d   Thumb Code   108  stm32f1xx_hal_tim.o(i.TIM_Base_SetConfig)
    TIM_ETR_SetConfig                        0x08004f15   Thumb Code    20  stm32f1xx_hal_tim.o(i.TIM_ETR_SetConfig)
    Test_WIFI4G_CMD_Status                   0x08004f81   Thumb Code    30  wifi4g.o(i.Test_WIFI4G_CMD_Status)
    UART_Start_Receive_DMA                   0x08005289   Thumb Code   130  stm32f1xx_hal_uart.o(i.UART_Start_Receive_DMA)
    USART2_IRQHandler                        0x0800538d   Thumb Code    56  portserial.o(i.USART2_IRQHandler)
    USART3_IRQHandler                        0x080053d1   Thumb Code    18  stm32f1xx_it.o(i.USART3_IRQHandler)
    USER_UART_IRQHandler                     0x080053e9   Thumb Code   142  stm32f1xx_it.o(i.USER_UART_IRQHandler)
    UsageFault_Handler                       0x080054a1   Thumb Code     2  stm32f1xx_it.o(i.UsageFault_Handler)
    WIFI4G_Parse_Queue                       0x080054a5   Thumb Code   122  wifi4g.o(i.WIFI4G_Parse_Queue)
    WriteCmd                                 0x08005545   Thumb Code    32  oled.o(i.WriteCmd)
    WriteDat                                 0x08005569   Thumb Code    32  oled.o(i.WriteDat)
    WriteSlaveAddress                        0x0800558d   Thumb Code    34  modbus.o(i.WriteSlaveAddress)
    __0printf                                0x080055b5   Thumb Code    22  printfa.o(i.__0printf)
    __1printf                                0x080055b5   Thumb Code     0  printfa.o(i.__0printf)
    __2printf                                0x080055b5   Thumb Code     0  printfa.o(i.__0printf)
    __c89printf                              0x080055b5   Thumb Code     0  printfa.o(i.__0printf)
    printf                                   0x080055b5   Thumb Code     0  printfa.o(i.__0printf)
    __0sprintf                               0x080055d5   Thumb Code    34  printfa.o(i.__0sprintf)
    __1sprintf                               0x080055d5   Thumb Code     0  printfa.o(i.__0sprintf)
    __2sprintf                               0x080055d5   Thumb Code     0  printfa.o(i.__0sprintf)
    __c89sprintf                             0x080055d5   Thumb Code     0  printfa.o(i.__0sprintf)
    sprintf                                  0x080055d5   Thumb Code     0  printfa.o(i.__0sprintf)
    free                                     0x0800561d   Thumb Code    88  mallocr.o(i.__free$realloc)
    malloc                                   0x08005679   Thumb Code    64  mallocr.o(i.__malloc$realloc)
    __scatterload_copy                       0x080056c9   Thumb Code    14  handlers.o(i.__scatterload_copy)
    __scatterload_null                       0x080056d7   Thumb Code     2  handlers.o(i.__scatterload_null)
    __scatterload_zeroinit                   0x080056d9   Thumb Code    14  handlers.o(i.__scatterload_zeroinit)
    _is_digit                                0x0800586d   Thumb Code    14  scanf_fp.o(i._is_digit)
    cJSON_Delete                             0x08005fbd   Thumb Code    76  cjson.o(i.cJSON_Delete)
    cJSON_GetObjectItem                      0x0800600d   Thumb Code     6  cjson.o(i.cJSON_GetObjectItem)
    cJSON_Parse                              0x08006029   Thumb Code     8  cjson.o(i.cJSON_Parse)
    cJSON_ParseWithLengthOpts                0x08006031   Thumb Code   210  cjson.o(i.cJSON_ParseWithLengthOpts)
    cJSON_ParseWithOpts                      0x0800610d   Thumb Code    34  cjson.o(i.cJSON_ParseWithOpts)
    eMBASCIIInit                             0x08006131   Thumb Code    44  mbascii.o(i.eMBASCIIInit)
    eMBASCIIReceive                          0x08006161   Thumb Code    68  mbascii.o(i.eMBASCIIReceive)
    eMBASCIISend                             0x080061a9   Thumb Code    68  mbascii.o(i.eMBASCIISend)
    eMBASCIIStart                            0x080061f1   Thumb Code    24  mbascii.o(i.eMBASCIIStart)
    eMBASCIIStop                             0x0800620d   Thumb Code    18  mbascii.o(i.eMBASCIIStop)
    eMBClose                                 0x08006221   Thumb Code    28  mb.o(i.eMBClose)
    eMBDisable                               0x08006241   Thumb Code    28  mb.o(i.eMBDisable)
    eMBEnable                                0x08006261   Thumb Code    28  mb.o(i.eMBEnable)
    eMBFuncReadCoils                         0x08006281   Thumb Code   114  mbfunccoils.o(i.eMBFuncReadCoils)
    eMBFuncReadDiscreteInputs                0x080062f3   Thumb Code   114  mbfuncdisc.o(i.eMBFuncReadDiscreteInputs)
    eMBFuncReadHoldingRegister               0x08006365   Thumb Code    94  mbfuncholding.o(i.eMBFuncReadHoldingRegister)
    eMBFuncReadInputRegister                 0x080063c3   Thumb Code    98  mbfuncinput.o(i.eMBFuncReadInputRegister)
    eMBFuncReadWriteMultipleHoldingRegister  0x08006425   Thumb Code   156  mbfuncholding.o(i.eMBFuncReadWriteMultipleHoldingRegister)
    eMBFuncReportSlaveID                     0x080064c1   Thumb Code    26  mbfuncother.o(i.eMBFuncReportSlaveID)
    eMBFuncWriteCoil                         0x080064e5   Thumb Code    86  mbfunccoils.o(i.eMBFuncWriteCoil)
    eMBFuncWriteHoldingRegister              0x0800653b   Thumb Code    50  mbfuncholding.o(i.eMBFuncWriteHoldingRegister)
    eMBFuncWriteMultipleCoils                0x0800656d   Thumb Code   100  mbfunccoils.o(i.eMBFuncWriteMultipleCoils)
    eMBFuncWriteMultipleHoldingRegister      0x080065d1   Thumb Code    78  mbfuncholding.o(i.eMBFuncWriteMultipleHoldingRegister)
    eMBInit                                  0x08006621   Thumb Code   144  mb.o(i.eMBInit)
    eMBPoll                                  0x080066ed   Thumb Code   178  mb.o(i.eMBPoll)
    eMBRTUInit                               0x080067a5   Thumb Code    54  mbrtu.o(i.eMBRTUInit)
    eMBRTUReceive                            0x080067e1   Thumb Code    70  mbrtu.o(i.eMBRTUReceive)
    eMBRTUSend                               0x08006831   Thumb Code    80  mbrtu.o(i.eMBRTUSend)
    eMBRTUStart                              0x08006889   Thumb Code    24  mbrtu.o(i.eMBRTUStart)
    eMBRTUStop                               0x080068a5   Thumb Code    18  mbrtu.o(i.eMBRTUStop)
    eMBRegCoilsCB                            0x080068b9   Thumb Code   152  port.o(i.eMBRegCoilsCB)
    eMBRegDiscreteCB                         0x08006955   Thumb Code   122  port.o(i.eMBRegDiscreteCB)
    eMBRegHoldingCB                          0x080069d5   Thumb Code    94  port.o(i.eMBRegHoldingCB)
    eMBRegInputCB                            0x08006a3d   Thumb Code    74  port.o(i.eMBRegInputCB)
    fputc                                    0x08006a8d   Thumb Code    20  usart.o(i.fputc)
    main                                     0x08006b71   Thumb Code   170  main.o(i.main)
    prveMBError2Exception                    0x08007199   Thumb Code    24  mbutils.o(i.prveMBError2Exception)
    realloc                                  0x080071e5   Thumb Code   102  mallocr.o(i.realloc)
    strtod                                   0x08007251   Thumb Code    28  strtod.o(i.strtod)
    usMBCRC16                                0x0800726d   Thumb Code    40  mbcrc.o(i.usMBCRC16)
    vMBPortSerialEnable                      0x0800736d   Thumb Code    76  portserial.o(i.vMBPortSerialEnable)
    vMBPortTimersDisable                     0x080073c1   Thumb Code    32  porttimer.o(i.vMBPortTimersDisable)
    vMBPortTimersEnable                      0x080073e5   Thumb Code    20  porttimer.o(i.vMBPortTimersEnable)
    xMBASCIIReceiveFSM                       0x080073fd   Thumb Code   222  mbascii.o(i.xMBASCIIReceiveFSM)
    xMBASCIITimerT1SExpired                  0x080074e1   Thumb Code    42  mbascii.o(i.xMBASCIITimerT1SExpired)
    xMBASCIITransmitFSM                      0x08007511   Thumb Code   168  mbascii.o(i.xMBASCIITransmitFSM)
    xMBPortEventGet                          0x080075bd   Thumb Code    24  portevent.o(i.xMBPortEventGet)
    xMBPortEventInit                         0x080075d9   Thumb Code    10  portevent.o(i.xMBPortEventInit)
    xMBPortEventPost                         0x080075e9   Thumb Code    12  portevent.o(i.xMBPortEventPost)
    xMBPortSerialGetByte                     0x080075f9   Thumb Code    10  portserial.o(i.xMBPortSerialGetByte)
    xMBPortSerialInit                        0x08007609   Thumb Code    70  portserial.o(i.xMBPortSerialInit)
    xMBPortSerialPutByte                     0x08007659   Thumb Code     8  portserial.o(i.xMBPortSerialPutByte)
    xMBPortTimersInit                        0x08007665   Thumb Code   106  porttimer.o(i.xMBPortTimersInit)
    xMBRTUReceiveFSM                         0x080076d9   Thumb Code    96  mbrtu.o(i.xMBRTUReceiveFSM)
    xMBRTUTimerT35Expired                    0x08007741   Thumb Code    58  mbrtu.o(i.xMBRTUTimerT35Expired)
    xMBRTUTransmitFSM                        0x08007781   Thumb Code    86  mbrtu.o(i.xMBRTUTransmitFSM)
    F6x8                                     0x080077dc   Data         552  oled.o(.constdata)
    F8X16                                    0x08007a04   Data        1520  oled.o(.constdata)
    AHBPrescTable                            0x08008218   Data          16  system_stm32f1xx.o(.constdata)
    APBPrescTable                            0x08008228   Data           8  system_stm32f1xx.o(.constdata)
    __ctype_categories                       0x08008230   Data          64  ctype_c.o(.constdata)
    Region$$Table$$Base                      0x08008308   Number         0  anon$$obj.o(Region$$Table)
    Region$$Table$$Limit                     0x08008328   Number         0  anon$$obj.o(Region$$Table)
    SlaveAddress                             0x20000000   Data           1  modbus.o(.data)
    Modify_SlaveAddress_Flag                 0x20000001   Data           1  modbus.o(.data)
    Timeout_Flag                             0x20000002   Data           1  modbus.o(.data)
    WIFI4G_CMD_Status                        0x20000003   Data           1  wifi4g.o(.data)
    WIFI4G_TouChuan_Flag                     0x20000004   Data           1  wifi4g.o(.data)
    MQTT_UPLoad_Flag                         0x20000005   Data           1  mqtt.o(.data)
    MQTT_Download_Flag                       0x20000006   Data           1  mqtt.o(.data)
    Key_Value                                0x20000010   Data           1  gpio.o(.data)
    RX3_Offset                               0x20000011   Data           1  usart.o(.data)
    pxMBFrameCBByteReceived                  0x2000004c   Data           4  mb.o(.data)
    pxMBFrameCBTransmitterEmpty              0x20000050   Data           4  mb.o(.data)
    pxMBPortCBTimerExpired                   0x20000054   Data           4  mb.o(.data)
    REG_COILS_BUF                            0x200000f8   Data          10  port.o(.data)
    REG_DISC_BUF                             0x20000102   Data          10  port.o(.data)
    uwTickFreq                               0x20000110   Data           1  stm32f1xx_hal.o(.data)
    uwTickPrio                               0x20000114   Data           4  stm32f1xx_hal.o(.data)
    uwTick                                   0x20000118   Data           4  stm32f1xx_hal.o(.data)
    SystemCoreClock                          0x2000011c   Data           4  system_stm32f1xx.o(.data)
    __stdout                                 0x20000120   Data           4  stdout.o(.data)
    __microlib_freelist                      0x20000124   Data           4  mvars.o(.data)
    __microlib_freelist_initialised          0x20000128   Data           4  mvars.o(.data)
    QUART3                                   0x2000012c   Data         264  fifo.o(.bss)
    Parse_Substr                             0x20000234   Data          32  wifi4g.o(.bss)
    RecvBuf                                  0x20000254   Data         256  wifi4g.o(.bss)
    hadc1                                    0x200004f4   Data          48  adc.o(.bss)
    hi2c1                                    0x20000524   Data          84  i2c.o(.bss)
    htim3                                    0x20000578   Data          72  tim.o(.bss)
    htim4                                    0x200005c0   Data          72  tim.o(.bss)
    RX3_Buf                                  0x20000608   Data         256  usart.o(.bss)
    huart1                                   0x20000708   Data          72  usart.o(.bss)
    huart2                                   0x20000750   Data          72  usart.o(.bss)
    huart3                                   0x20000798   Data          72  usart.o(.bss)
    hdma_usart3_rx                           0x200007e0   Data          68  usart.o(.bss)
    htim1                                    0x20000824   Data          72  stm32f1xx_hal_timebase_tim.o(.bss)
    ucRTUBuf                                 0x2000088c   Data         256  mbrtu.o(.bss)
    REG_HOLD_BUF                             0x2000098c   Data          20  port.o(.bss)
    REG_INPUT_BUF                            0x200009a0   Data          20  port.o(.bss)
    __heap_base                              0x200009b8   Data           0  startup_stm32f103xb.o(HEAP)
    __heap_limit                             0x20000bb8   Data           0  startup_stm32f103xb.o(HEAP)
    __initial_sp                             0x20000fb8   Data           0  startup_stm32f103xb.o(STACK)



==============================================================================

Memory Map of the image

  Image Entry point : 0x080000ed

  Load Region LR_IROM1 (Base: 0x08000000, Size: 0x00008454, Max: 0x00010000, ABSOLUTE, COMPRESSED[0x00008388])

    Execution Region ER_IROM1 (Exec base: 0x08000000, Load base: 0x08000000, Size: 0x00008328, Max: 0x00010000, ABSOLUTE)

    Exec Addr    Load Addr    Size         Type   Attr      Idx    E Section Name        Object

    0x08000000   0x08000000   0x000000ec   Data   RO            3    RESET               startup_stm32f103xb.o
    0x080000ec   0x080000ec   0x00000000   Code   RO         5488  * .ARM.Collect$$$$00000000  mc_w.l(entry.o)
    0x080000ec   0x080000ec   0x00000004   Code   RO         5840    .ARM.Collect$$$$00000001  mc_w.l(entry2.o)
    0x080000f0   0x080000f0   0x00000004   Code   RO         5843    .ARM.Collect$$$$00000004  mc_w.l(entry5.o)
    0x080000f4   0x080000f4   0x00000000   Code   RO         5845    .ARM.Collect$$$$00000008  mc_w.l(entry7b.o)
    0x080000f4   0x080000f4   0x00000000   Code   RO         5847    .ARM.Collect$$$$0000000A  mc_w.l(entry8b.o)
    0x080000f4   0x080000f4   0x00000008   Code   RO         5848    .ARM.Collect$$$$0000000B  mc_w.l(entry9a.o)
    0x080000fc   0x080000fc   0x00000004   Code   RO         5855    .ARM.Collect$$$$0000000E  mc_w.l(entry12b.o)
    0x08000100   0x08000100   0x00000000   Code   RO         5850    .ARM.Collect$$$$0000000F  mc_w.l(entry10a.o)
    0x08000100   0x08000100   0x00000000   Code   RO         5852    .ARM.Collect$$$$00000011  mc_w.l(entry11a.o)
    0x08000100   0x08000100   0x00000004   Code   RO         5841    .ARM.Collect$$$$00002712  mc_w.l(entry2.o)
    0x08000104   0x08000104   0x00000024   Code   RO            4    .text               startup_stm32f103xb.o
    0x08000128   0x08000128   0x00000020   Code   RO         5491    .text               mc_w.l(llushr.o)
    0x08000148   0x08000148   0x0000000c   Code   RO         5493    .text               mc_w.l(tolower.o)
    0x08000154   0x08000154   0x00000024   Code   RO         5497    .text               mc_w.l(memcpya.o)
    0x08000178   0x08000178   0x00000024   Code   RO         5499    .text               mc_w.l(memseta.o)
    0x0800019c   0x0800019c   0x00000024   Code   RO         5501    .text               mc_w.l(strstr.o)
    0x080001c0   0x080001c0   0x0000000e   Code   RO         5503    .text               mc_w.l(strlen.o)
    0x080001ce   0x080001ce   0x0000001c   Code   RO         5505    .text               mc_w.l(strcmp.o)
    0x080001ea   0x080001ea   0x0000001a   Code   RO         5507    .text               mc_w.l(memcmp.o)
    0x08000204   0x08000204   0x00000012   Code   RO         5509    .text               mc_w.l(strcpy.o)
    0x08000216   0x08000216   0x0000001e   Code   RO         5511    .text               mc_w.l(strncmp.o)
    0x08000234   0x08000234   0x00000360   Code   RO         5806    .text               mc_w.l(scanf_fp.o)
    0x08000594   0x08000594   0x00000064   Code   RO         5810    .text               mf_w.l(fmul.o)
    0x080005f8   0x080005f8   0x0000007c   Code   RO         5812    .text               mf_w.l(fdiv.o)
    0x08000674   0x08000674   0x0000014e   Code   RO         5814    .text               mf_w.l(dadd.o)
    0x080007c2   0x080007c2   0x000000e4   Code   RO         5816    .text               mf_w.l(dmul.o)
    0x080008a6   0x080008a6   0x000000de   Code   RO         5818    .text               mf_w.l(ddiv.o)
    0x08000984   0x08000984   0x0000002e   Code   RO         5820    .text               mf_w.l(dscalb.o)
    0x080009b2   0x080009b2   0x0000000a   Code   RO         5822    .text               mf_w.l(ffltui.o)
    0x080009bc   0x080009bc   0x0000001a   Code   RO         5826    .text               mf_w.l(dfltui.o)
    0x080009d6   0x080009d6   0x00000028   Code   RO         5828    .text               mf_w.l(ffixui.o)
    0x080009fe   0x080009fe   0x0000003e   Code   RO         5830    .text               mf_w.l(dfixi.o)
    0x08000a3c   0x08000a3c   0x00000030   Code   RO         5834    .text               mf_w.l(cdcmple.o)
    0x08000a6c   0x08000a6c   0x00000030   Code   RO         5836    .text               mf_w.l(cdrcmple.o)
    0x08000a9c   0x08000a9c   0x00000038   Code   RO         5838    .text               mf_w.l(d2f.o)
    0x08000ad4   0x08000ad4   0x0000002c   Code   RO         5857    .text               mc_w.l(uidiv.o)
    0x08000b00   0x08000b00   0x00000062   Code   RO         5859    .text               mc_w.l(uldiv.o)
    0x08000b62   0x08000b62   0x0000001e   Code   RO         5861    .text               mc_w.l(llshl.o)
    0x08000b80   0x08000b80   0x00000024   Code   RO         5863    .text               mc_w.l(llsshr.o)
    0x08000ba4   0x08000ba4   0x00000040   Code   RO         5869    .text               mc_w.l(_sgetc.o)
    0x08000be4   0x08000be4   0x0000009c   Code   RO         5871    .text               mc_w.l(strtod.o)
    0x08000c80   0x08000c80   0x00000000   Code   RO         5873    .text               mc_w.l(iusefp.o)
    0x08000c80   0x08000c80   0x0000006e   Code   RO         5874    .text               mf_w.l(fepilogue.o)
    0x08000cee   0x08000cee   0x000000ba   Code   RO         5876    .text               mf_w.l(depilogue.o)
    0x08000da8   0x08000da8   0x00000018   Code   RO         5878    .text               mf_w.l(dfltul.o)
    0x08000dc0   0x08000dc0   0x00000030   Code   RO         5880    .text               mf_w.l(dfixul.o)
    0x08000df0   0x08000df0   0x00000024   Code   RO         5882    .text               mc_w.l(init.o)
    0x08000e14   0x08000e14   0x0000000a   Code   RO         5884    .text               mc_w.l(isspace_c.o)
    0x08000e1e   0x08000e1e   0x00000002   PAD
    0x08000e20   0x08000e20   0x00000028   Code   RO         5888    .text               mc_w.l(ctype_c.o)
    0x08000e48   0x08000e48   0x00000056   Code   RO         5899    .text               mc_w.l(__dczerorl2.o)
    0x08000e9e   0x08000e9e   0x00000002   PAD
    0x08000ea0   0x08000ea0   0x00000056   Code   RO         2423    i.ADC_ConversionStop_Disable  stm32f1xx_hal_adc.o
    0x08000ef6   0x08000ef6   0x00000002   PAD
    0x08000ef8   0x08000ef8   0x0000007c   Code   RO         2427    i.ADC_Enable        stm32f1xx_hal_adc.o
    0x08000f74   0x08000f74   0x00000120   Code   RO          782    i.ADC_VR_CPU_Read   adc.o
    0x08001094   0x08001094   0x00000098   Code   RO           13    i.AHT20_Init        aht20.o
    0x0800112c   0x0800112c   0x00000054   Code   RO           14    i.AHT20_Read        aht20.o
    0x08001180   0x08001180   0x000000a4   Code   RO           15    i.AHT20_ReadHT      aht20.o
    0x08001224   0x08001224   0x00000028   Code   RO           16    i.AHT20_ReadStatusCmd  aht20.o
    0x0800124c   0x0800124c   0x00000020   Code   RO          704    i.BEEP_Control      gpio.o
    0x0800126c   0x0800126c   0x00000002   Code   RO         1033    i.BusFault_Handler  stm32f1xx_it.o
    0x0800126e   0x0800126e   0x00000002   PAD
    0x08001270   0x08001270   0x0000000c   Code   RO         1034    i.DMA1_Channel3_IRQHandler  stm32f1xx_it.o
    0x0800127c   0x0800127c   0x0000002a   Code   RO         3079    i.DMA_SetConfig     stm32f1xx_hal_dma.o
    0x080012a6   0x080012a6   0x00000002   Code   RO         1035    i.DebugMon_Handler  stm32f1xx_it.o
    0x080012a8   0x080012a8   0x00000030   Code   RO          409    i.Dequeue           fifo.o
    0x080012d8   0x080012d8   0x00000254   Code   RO          472    i.ESP8266_Connect_WIFI  wifi4g.o
    0x0800152c   0x0800152c   0x00000028   Code   RO          474    i.ESP8266_Init      wifi4g.o
    0x08001554   0x08001554   0x00000026   Code   RO         1036    i.EXTI15_10_IRQHandler  stm32f1xx_it.o
    0x0800157a   0x0800157a   0x00000014   Code   RO         1037    i.EXTI9_5_IRQHandler  stm32f1xx_it.o
    0x0800158e   0x0800158e   0x00000002   PAD
    0x08001590   0x08001590   0x00000044   Code   RO          410    i.Enqueue           fifo.o
    0x080015d4   0x080015d4   0x00000030   Code   RO          411    i.Enqueue_Bytes     fifo.o
    0x08001604   0x08001604   0x00000004   Code   RO          650    i.Error_Handler     main.o
    0x08001608   0x08001608   0x00000034   Code   RO          581    i.Get_CPUID         mqtt.o
    0x0800163c   0x0800163c   0x000000d8   Code   RO         2603    i.HAL_ADCEx_Calibration_Start  stm32f1xx_hal_adc_ex.o
    0x08001714   0x08001714   0x000000fc   Code   RO         2429    i.HAL_ADC_ConfigChannel  stm32f1xx_hal_adc.o
    0x08001810   0x08001810   0x00000006   Code   RO         2436    i.HAL_ADC_GetValue  stm32f1xx_hal_adc.o
    0x08001816   0x08001816   0x00000002   PAD
    0x08001818   0x08001818   0x0000011c   Code   RO         2438    i.HAL_ADC_Init      stm32f1xx_hal_adc.o
    0x08001934   0x08001934   0x00000058   Code   RO          786    i.HAL_ADC_MspInit   adc.o
    0x0800198c   0x0800198c   0x0000013c   Code   RO         2442    i.HAL_ADC_PollForConversion  stm32f1xx_hal_adc.o
    0x08001ac8   0x08001ac8   0x000000c0   Code   RO         2444    i.HAL_ADC_Start     stm32f1xx_hal_adc.o
    0x08001b88   0x08001b88   0x00000046   Code   RO         3080    i.HAL_DMA_Abort     stm32f1xx_hal_dma.o
    0x08001bce   0x08001bce   0x00000002   PAD
    0x08001bd0   0x08001bd0   0x00000098   Code   RO         3081    i.HAL_DMA_Abort_IT  stm32f1xx_hal_dma.o
    0x08001c68   0x08001c68   0x00000154   Code   RO         3085    i.HAL_DMA_IRQHandler  stm32f1xx_hal_dma.o
    0x08001dbc   0x08001dbc   0x0000005c   Code   RO         3086    i.HAL_DMA_Init      stm32f1xx_hal_dma.o
    0x08001e18   0x08001e18   0x00000070   Code   RO         3090    i.HAL_DMA_Start_IT  stm32f1xx_hal_dma.o
    0x08001e88   0x08001e88   0x00000024   Code   RO         2706    i.HAL_Delay         stm32f1xx_hal.o
    0x08001eac   0x08001eac   0x00000060   Code   RO         1038    i.HAL_GPIO_EXTI_Callback  stm32f1xx_it.o
    0x08001f0c   0x08001f0c   0x00000018   Code   RO         3015    i.HAL_GPIO_EXTI_IRQHandler  stm32f1xx_hal_gpio.o
    0x08001f24   0x08001f24   0x000001e0   Code   RO         3016    i.HAL_GPIO_Init     stm32f1xx_hal_gpio.o
    0x08002104   0x08002104   0x0000000a   Code   RO         3020    i.HAL_GPIO_WritePin  stm32f1xx_hal_gpio.o
    0x0800210e   0x0800210e   0x00000002   PAD
    0x08002110   0x08002110   0x0000000c   Code   RO         2710    i.HAL_GetTick       stm32f1xx_hal.o
    0x0800211c   0x0800211c   0x00000188   Code   RO         3687    i.HAL_I2C_Init      stm32f1xx_hal_i2c.o
    0x080022a4   0x080022a4   0x00000250   Code   RO         3693    i.HAL_I2C_Master_Receive  stm32f1xx_hal_i2c.o
    0x080024f4   0x080024f4   0x0000012c   Code   RO         3700    i.HAL_I2C_Master_Transmit  stm32f1xx_hal_i2c.o
    0x08002620   0x08002620   0x0000025c   Code   RO         3705    i.HAL_I2C_Mem_Read  stm32f1xx_hal_i2c.o
    0x0800287c   0x0800287c   0x00000130   Code   RO         3708    i.HAL_I2C_Mem_Write  stm32f1xx_hal_i2c.o
    0x080029ac   0x080029ac   0x0000005c   Code   RO          873    i.HAL_I2C_MspInit   i2c.o
    0x08002a08   0x08002a08   0x00000010   Code   RO         2716    i.HAL_IncTick       stm32f1xx_hal.o
    0x08002a18   0x08002a18   0x00000024   Code   RO         2717    i.HAL_Init          stm32f1xx_hal.o
    0x08002a3c   0x08002a3c   0x0000008c   Code   RO         1191    i.HAL_InitTick      stm32f1xx_hal_timebase_tim.o
    0x08002ac8   0x08002ac8   0x0000002c   Code   RO         1167    i.HAL_MspInit       stm32f1xx_hal_msp.o
    0x08002af4   0x08002af4   0x0000001a   Code   RO         3176    i.HAL_NVIC_EnableIRQ  stm32f1xx_hal_cortex.o
    0x08002b0e   0x08002b0e   0x00000002   PAD
    0x08002b10   0x08002b10   0x00000040   Code   RO         3182    i.HAL_NVIC_SetPriority  stm32f1xx_hal_cortex.o
    0x08002b50   0x08002b50   0x00000024   Code   RO         3183    i.HAL_NVIC_SetPriorityGrouping  stm32f1xx_hal_cortex.o
    0x08002b74   0x08002b74   0x000000a4   Code   RO         2977    i.HAL_RCCEx_GetPeriphCLKFreq  stm32f1xx_hal_rcc_ex.o
    0x08002c18   0x08002c18   0x000000ec   Code   RO         2978    i.HAL_RCCEx_PeriphCLKConfig  stm32f1xx_hal_rcc_ex.o
    0x08002d04   0x08002d04   0x0000012c   Code   RO         2874    i.HAL_RCC_ClockConfig  stm32f1xx_hal_rcc.o
    0x08002e30   0x08002e30   0x00000040   Code   RO         2878    i.HAL_RCC_GetClockConfig  stm32f1xx_hal_rcc.o
    0x08002e70   0x08002e70   0x00000020   Code   RO         2881    i.HAL_RCC_GetPCLK1Freq  stm32f1xx_hal_rcc.o
    0x08002e90   0x08002e90   0x00000020   Code   RO         2882    i.HAL_RCC_GetPCLK2Freq  stm32f1xx_hal_rcc.o
    0x08002eb0   0x08002eb0   0x0000004c   Code   RO         2883    i.HAL_RCC_GetSysClockFreq  stm32f1xx_hal_rcc.o
    0x08002efc   0x08002efc   0x00000320   Code   RO         2886    i.HAL_RCC_OscConfig  stm32f1xx_hal_rcc.o
    0x0800321c   0x0800321c   0x00000002   Code   RO         4819    i.HAL_TIMEx_BreakCallback  stm32f1xx_hal_tim_ex.o
    0x0800321e   0x0800321e   0x00000002   Code   RO         4820    i.HAL_TIMEx_CommutCallback  stm32f1xx_hal_tim_ex.o
    0x08003220   0x08003220   0x00000068   Code   RO         4838    i.HAL_TIMEx_MasterConfigSynchronization  stm32f1xx_hal_tim_ex.o
    0x08003288   0x08003288   0x0000005a   Code   RO         4115    i.HAL_TIM_Base_Init  stm32f1xx_hal_tim.o
    0x080032e2   0x080032e2   0x00000002   PAD
    0x080032e4   0x080032e4   0x00000064   Code   RO          920    i.HAL_TIM_Base_MspInit  tim.o
    0x08003348   0x08003348   0x00000058   Code   RO         4120    i.HAL_TIM_Base_Start_IT  stm32f1xx_hal_tim.o
    0x080033a0   0x080033a0   0x00000026   Code   RO         4121    i.HAL_TIM_Base_Stop  stm32f1xx_hal_tim.o
    0x080033c6   0x080033c6   0x000000dc   Code   RO         4124    i.HAL_TIM_ConfigClockSource  stm32f1xx_hal_tim.o
    0x080034a2   0x080034a2   0x00000002   Code   RO         4149    i.HAL_TIM_IC_CaptureCallback  stm32f1xx_hal_tim.o
    0x080034a4   0x080034a4   0x00000130   Code   RO         4163    i.HAL_TIM_IRQHandler  stm32f1xx_hal_tim.o
    0x080035d4   0x080035d4   0x00000002   Code   RO         4166    i.HAL_TIM_OC_DelayElapsedCallback  stm32f1xx_hal_tim.o
    0x080035d6   0x080035d6   0x00000002   Code   RO         4193    i.HAL_TIM_PWM_PulseFinishedCallback  stm32f1xx_hal_tim.o
    0x080035d8   0x080035d8   0x0000007c   Code   RO          651    i.HAL_TIM_PeriodElapsedCallback  main.o
    0x08003654   0x08003654   0x00000002   Code   RO         4206    i.HAL_TIM_TriggerCallback  stm32f1xx_hal_tim.o
    0x08003656   0x08003656   0x00000002   Code   RO         5098    i.HAL_UARTEx_RxEventCallback  stm32f1xx_hal_uart.o
    0x08003658   0x08003658   0x00000070   Code   RO         5110    i.HAL_UART_DMAStop  stm32f1xx_hal_uart.o
    0x080036c8   0x080036c8   0x00000002   Code   RO         5112    i.HAL_UART_ErrorCallback  stm32f1xx_hal_uart.o
    0x080036ca   0x080036ca   0x00000002   PAD
    0x080036cc   0x080036cc   0x0000026c   Code   RO         5115    i.HAL_UART_IRQHandler  stm32f1xx_hal_uart.o
    0x08003938   0x08003938   0x00000064   Code   RO         5116    i.HAL_UART_Init     stm32f1xx_hal_uart.o
    0x0800399c   0x0800399c   0x00000160   Code   RO          968    i.HAL_UART_MspInit  usart.o
    0x08003afc   0x08003afc   0x0000001c   Code   RO         5120    i.HAL_UART_Receive_DMA  stm32f1xx_hal_uart.o
    0x08003b18   0x08003b18   0x00000048   Code   RO         1039    i.HAL_UART_RxCpltCallback  stm32f1xx_it.o
    0x08003b60   0x08003b60   0x00000050   Code   RO         1040    i.HAL_UART_RxHalfCpltCallback  stm32f1xx_it.o
    0x08003bb0   0x08003bb0   0x000000a0   Code   RO         5124    i.HAL_UART_Transmit  stm32f1xx_hal_uart.o
    0x08003c50   0x08003c50   0x00000002   Code   RO         5127    i.HAL_UART_TxCpltCallback  stm32f1xx_hal_uart.o
    0x08003c52   0x08003c52   0x00000002   Code   RO         1041    i.HardFault_Handler  stm32f1xx_it.o
    0x08003c54   0x08003c54   0x0000002e   Code   RO         3730    i.I2C_IsAcknowledgeFailed  stm32f1xx_hal_i2c.o
    0x08003c82   0x08003c82   0x00000002   PAD
    0x08003c84   0x08003c84   0x000000ec   Code   RO         3733    i.I2C_MasterRequestRead  stm32f1xx_hal_i2c.o
    0x08003d70   0x08003d70   0x0000009c   Code   RO         3734    i.I2C_MasterRequestWrite  stm32f1xx_hal_i2c.o
    0x08003e0c   0x08003e0c   0x000000fc   Code   RO         3740    i.I2C_RequestMemoryRead  stm32f1xx_hal_i2c.o
    0x08003f08   0x08003f08   0x000000a8   Code   RO         3741    i.I2C_RequestMemoryWrite  stm32f1xx_hal_i2c.o
    0x08003fb0   0x08003fb0   0x00000056   Code   RO         3745    i.I2C_WaitOnBTFFlagUntilTimeout  stm32f1xx_hal_i2c.o
    0x08004006   0x08004006   0x00000002   PAD
    0x08004008   0x08004008   0x00000090   Code   RO         3746    i.I2C_WaitOnFlagUntilTimeout  stm32f1xx_hal_i2c.o
    0x08004098   0x08004098   0x000000bc   Code   RO         3747    i.I2C_WaitOnMasterAddressFlagUntilTimeout  stm32f1xx_hal_i2c.o
    0x08004154   0x08004154   0x00000070   Code   RO         3748    i.I2C_WaitOnRXNEFlagUntilTimeout  stm32f1xx_hal_i2c.o
    0x080041c4   0x080041c4   0x00000056   Code   RO         3749    i.I2C_WaitOnTXEFlagUntilTimeout  stm32f1xx_hal_i2c.o
    0x0800421a   0x0800421a   0x00000002   PAD
    0x0800421c   0x0800421c   0x0000004c   Code   RO          181    i.INA226_Init       ina226.o
    0x08004268   0x08004268   0x00000080   Code   RO          182    i.INA226_Read       ina226.o
    0x080042e8   0x080042e8   0x00000038   Code   RO          183    i.INA226_Read_Bus_Voltage  ina226.o
    0x08004320   0x08004320   0x00000038   Code   RO          184    i.INA226_Read_Current  ina226.o
    0x08004358   0x08004358   0x00000038   Code   RO          185    i.INA226_Read_Pow   ina226.o
    0x08004390   0x08004390   0x00000030   Code   RO          708    i.LED_Control       gpio.o
    0x080043c0   0x080043c0   0x000000d8   Code   RO          582    i.MQTT_Parse_JsonData  mqtt.o
    0x08004498   0x08004498   0x00000094   Code   RO          583    i.MQTT_SendData     mqtt.o
    0x0800452c   0x0800452c   0x000001d8   Code   RO          584    i.MQTT_WIFI_Connect_Server  mqtt.o
    0x08004704   0x08004704   0x00000054   Code   RO          787    i.MX_ADC1_Init      adc.o
    0x08004758   0x08004758   0x0000002c   Code   RO          847    i.MX_DMA_Init       dma.o
    0x08004784   0x08004784   0x0000012c   Code   RO          710    i.MX_GPIO_Init      gpio.o
    0x080048b0   0x080048b0   0x00000040   Code   RO          874    i.MX_I2C1_Init      i2c.o
    0x080048f0   0x080048f0   0x00000068   Code   RO          922    i.MX_TIM4_Init      tim.o
    0x08004958   0x08004958   0x00000038   Code   RO          969    i.MX_USART1_UART_Init  usart.o
    0x08004990   0x08004990   0x00000038   Code   RO          970    i.MX_USART2_UART_Init  usart.o
    0x080049c8   0x080049c8   0x00000038   Code   RO          971    i.MX_USART3_UART_Init  usart.o
    0x08004a00   0x08004a00   0x00000002   Code   RO         1042    i.MemManage_Handler  stm32f1xx_it.o
    0x08004a02   0x08004a02   0x00000002   PAD
    0x08004a04   0x08004a04   0x00000044   Code   RO          245    i.Modbus_Init       modbus.o
    0x08004a48   0x08004a48   0x0000008c   Code   RO          246    i.Modbus_Parse      modbus.o
    0x08004ad4   0x08004ad4   0x00000002   Code   RO         1043    i.NMI_Handler       stm32f1xx_it.o
    0x08004ad6   0x08004ad6   0x00000006   Code   RO          320    i.OLED_CLS          oled.o
    0x08004adc   0x08004adc   0x00000038   Code   RO          322    i.OLED_Fill         oled.o
    0x08004b14   0x08004b14   0x000000b4   Code   RO          323    i.OLED_Init         oled.o
    0x08004bc8   0x08004bc8   0x00000026   Code   RO          326    i.OLED_SetPos       oled.o
    0x08004bee   0x08004bee   0x00000002   PAD
    0x08004bf0   0x08004bf0   0x000000d8   Code   RO          328    i.OLED_ShowStr      oled.o
    0x08004cc8   0x08004cc8   0x00000002   Code   RO         1044    i.PendSV_Handler    stm32f1xx_it.o
    0x08004cca   0x08004cca   0x00000016   Code   RO          412    i.Queue_Init        fifo.o
    0x08004ce0   0x08004ce0   0x00000010   Code   RO          413    i.Queue_IsEmpty     fifo.o
    0x08004cf0   0x08004cf0   0x00000022   Code   RO          414    i.Queue_IsFull      fifo.o
    0x08004d12   0x08004d12   0x00000002   PAD
    0x08004d14   0x08004d14   0x00000020   Code   RO          711    i.RELAY_Control     gpio.o
    0x08004d34   0x08004d34   0x0000002c   Code   RO          247    i.ReadSlaveAddress  modbus.o
    0x08004d60   0x08004d60   0x00000002   Code   RO         1045    i.SVC_Handler       stm32f1xx_it.o
    0x08004d62   0x08004d62   0x00000002   PAD
    0x08004d64   0x08004d64   0x00000084   Code   RO           18    i.StandardUnitCon   aht20.o
    0x08004de8   0x08004de8   0x00000002   Code   RO         1046    i.SysTick_Handler   stm32f1xx_it.o
    0x08004dea   0x08004dea   0x00000078   Code   RO          652    i.SystemClock_Config  main.o
    0x08004e62   0x08004e62   0x00000002   Code   RO         5450    i.SystemInit        system_stm32f1xx.o
    0x08004e64   0x08004e64   0x0000000c   Code   RO         1047    i.TIM1_UP_IRQHandler  stm32f1xx_it.o
    0x08004e70   0x08004e70   0x00000020   Code   RO         2345    i.TIM3_IRQHandler   porttimer.o
    0x08004e90   0x08004e90   0x0000000c   Code   RO         1048    i.TIM4_IRQHandler   stm32f1xx_it.o
    0x08004e9c   0x08004e9c   0x00000078   Code   RO         4208    i.TIM_Base_SetConfig  stm32f1xx_hal_tim.o
    0x08004f14   0x08004f14   0x00000014   Code   RO         4219    i.TIM_ETR_SetConfig  stm32f1xx_hal_tim.o
    0x08004f28   0x08004f28   0x00000010   Code   RO         4220    i.TIM_ITRx_SetConfig  stm32f1xx_hal_tim.o
    0x08004f38   0x08004f38   0x00000022   Code   RO         4226    i.TIM_TI1_ConfigInputStage  stm32f1xx_hal_tim.o
    0x08004f5a   0x08004f5a   0x00000024   Code   RO         4228    i.TIM_TI2_ConfigInputStage  stm32f1xx_hal_tim.o
    0x08004f7e   0x08004f7e   0x00000002   PAD
    0x08004f80   0x08004f80   0x00000024   Code   RO          479    i.Test_WIFI4G_CMD_Status  wifi4g.o
    0x08004fa4   0x08004fa4   0x00000010   Code   RO         5129    i.UART_DMAAbortOnError  stm32f1xx_hal_uart.o
    0x08004fb4   0x08004fb4   0x0000004a   Code   RO         5130    i.UART_DMAError     stm32f1xx_hal_uart.o
    0x08004ffe   0x08004ffe   0x00000086   Code   RO         5131    i.UART_DMAReceiveCplt  stm32f1xx_hal_uart.o
    0x08005084   0x08005084   0x0000001e   Code   RO         5133    i.UART_DMARxHalfCplt  stm32f1xx_hal_uart.o
    0x080050a2   0x080050a2   0x0000004e   Code   RO         5139    i.UART_EndRxTransfer  stm32f1xx_hal_uart.o
    0x080050f0   0x080050f0   0x0000001c   Code   RO         5140    i.UART_EndTxTransfer  stm32f1xx_hal_uart.o
    0x0800510c   0x0800510c   0x000000c2   Code   RO         5141    i.UART_Receive_IT   stm32f1xx_hal_uart.o
    0x080051ce   0x080051ce   0x00000002   PAD
    0x080051d0   0x080051d0   0x000000b8   Code   RO         5142    i.UART_SetConfig    stm32f1xx_hal_uart.o
    0x08005288   0x08005288   0x00000090   Code   RO         5143    i.UART_Start_Receive_DMA  stm32f1xx_hal_uart.o
    0x08005318   0x08005318   0x00000072   Code   RO         5145    i.UART_WaitOnFlagUntilTimeout  stm32f1xx_hal_uart.o
    0x0800538a   0x0800538a   0x00000002   PAD
    0x0800538c   0x0800538c   0x00000044   Code   RO         2294    i.USART2_IRQHandler  portserial.o
    0x080053d0   0x080053d0   0x00000018   Code   RO         1049    i.USART3_IRQHandler  stm32f1xx_it.o
    0x080053e8   0x080053e8   0x000000b8   Code   RO         1050    i.USER_UART_IRQHandler  stm32f1xx_it.o
    0x080054a0   0x080054a0   0x00000002   Code   RO         1051    i.UsageFault_Handler  stm32f1xx_it.o
    0x080054a2   0x080054a2   0x00000002   PAD
    0x080054a4   0x080054a4   0x000000a0   Code   RO          481    i.WIFI4G_Parse_Queue  wifi4g.o
    0x08005544   0x08005544   0x00000024   Code   RO          330    i.WriteCmd          oled.o
    0x08005568   0x08005568   0x00000024   Code   RO          331    i.WriteDat          oled.o
    0x0800558c   0x0800558c   0x00000028   Code   RO          248    i.WriteSlaveAddress  modbus.o
    0x080055b4   0x080055b4   0x00000020   Code   RO         5748    i.__0printf         mc_w.l(printfa.o)
    0x080055d4   0x080055d4   0x00000028   Code   RO         5750    i.__0sprintf        mc_w.l(printfa.o)
    0x080055fc   0x080055fc   0x00000020   Code   RO         3189    i.__NVIC_SetPriority  stm32f1xx_hal_cortex.o
    0x0800561c   0x0800561c   0x0000005c   Code   RO         5780    i.__free$realloc    mc_w.l(mallocr.o)
    0x08005678   0x08005678   0x00000050   Code   RO         5781    i.__malloc$realloc  mc_w.l(mallocr.o)
    0x080056c8   0x080056c8   0x0000000e   Code   RO         5893    i.__scatterload_copy  mc_w.l(handlers.o)
    0x080056d6   0x080056d6   0x00000002   Code   RO         5894    i.__scatterload_null  mc_w.l(handlers.o)
    0x080056d8   0x080056d8   0x0000000e   Code   RO         5895    i.__scatterload_zeroinit  mc_w.l(handlers.o)
    0x080056e6   0x080056e6   0x00000002   PAD
    0x080056e8   0x080056e8   0x00000184   Code   RO         5755    i._fp_digits        mc_w.l(printfa.o)
    0x0800586c   0x0800586c   0x0000000e   Code   RO         5808    i._is_digit         mc_w.l(scanf_fp.o)
    0x0800587a   0x0800587a   0x00000002   PAD
    0x0800587c   0x0800587c   0x000006b4   Code   RO         5756    i._printf_core      mc_w.l(printfa.o)
    0x08005f30   0x08005f30   0x00000024   Code   RO         5757    i._printf_post_padding  mc_w.l(printfa.o)
    0x08005f54   0x08005f54   0x0000002e   Code   RO         5758    i._printf_pre_padding  mc_w.l(printfa.o)
    0x08005f82   0x08005f82   0x0000000a   Code   RO         5760    i._sputc            mc_w.l(printfa.o)
    0x08005f8c   0x08005f8c   0x00000030   Code   RO         1229    i.buffer_skip_whitespace  cjson.o
    0x08005fbc   0x08005fbc   0x00000050   Code   RO         1261    i.cJSON_Delete      cjson.o
    0x0800600c   0x0800600c   0x00000006   Code   RO         1274    i.cJSON_GetObjectItem  cjson.o
    0x08006012   0x08006012   0x00000016   Code   RO         1291    i.cJSON_New_Item    cjson.o
    0x08006028   0x08006028   0x00000008   Code   RO         1292    i.cJSON_Parse       cjson.o
    0x08006030   0x08006030   0x000000dc   Code   RO         1294    i.cJSON_ParseWithLengthOpts  cjson.o
    0x0800610c   0x0800610c   0x00000022   Code   RO         1295    i.cJSON_ParseWithOpts  cjson.o
    0x0800612e   0x0800612e   0x00000002   PAD
    0x08006130   0x08006130   0x00000030   Code   RO         1932    i.eMBASCIIInit      mbascii.o
    0x08006160   0x08006160   0x00000048   Code   RO         1933    i.eMBASCIIReceive   mbascii.o
    0x080061a8   0x080061a8   0x00000048   Code   RO         1934    i.eMBASCIISend      mbascii.o
    0x080061f0   0x080061f0   0x0000001c   Code   RO         1935    i.eMBASCIIStart     mbascii.o
    0x0800620c   0x0800620c   0x00000012   Code   RO         1936    i.eMBASCIIStop      mbascii.o
    0x0800621e   0x0800621e   0x00000002   PAD
    0x08006220   0x08006220   0x00000020   Code   RO         1849    i.eMBClose          mb.o
    0x08006240   0x08006240   0x00000020   Code   RO         1850    i.eMBDisable        mb.o
    0x08006260   0x08006260   0x00000020   Code   RO         1851    i.eMBEnable         mb.o
    0x08006280   0x08006280   0x00000072   Code   RO         2023    i.eMBFuncReadCoils  mbfunccoils.o
    0x080062f2   0x080062f2   0x00000072   Code   RO         2050    i.eMBFuncReadDiscreteInputs  mbfuncdisc.o
    0x08006364   0x08006364   0x0000005e   Code   RO         2062    i.eMBFuncReadHoldingRegister  mbfuncholding.o
    0x080063c2   0x080063c2   0x00000062   Code   RO         2092    i.eMBFuncReadInputRegister  mbfuncinput.o
    0x08006424   0x08006424   0x0000009c   Code   RO         2063    i.eMBFuncReadWriteMultipleHoldingRegister  mbfuncholding.o
    0x080064c0   0x080064c0   0x00000024   Code   RO         2104    i.eMBFuncReportSlaveID  mbfuncother.o
    0x080064e4   0x080064e4   0x00000056   Code   RO         2024    i.eMBFuncWriteCoil  mbfunccoils.o
    0x0800653a   0x0800653a   0x00000032   Code   RO         2064    i.eMBFuncWriteHoldingRegister  mbfuncholding.o
    0x0800656c   0x0800656c   0x00000064   Code   RO         2025    i.eMBFuncWriteMultipleCoils  mbfunccoils.o
    0x080065d0   0x080065d0   0x0000004e   Code   RO         2065    i.eMBFuncWriteMultipleHoldingRegister  mbfuncholding.o
    0x0800661e   0x0800661e   0x00000002   PAD
    0x08006620   0x08006620   0x000000cc   Code   RO         1852    i.eMBInit           mb.o
    0x080066ec   0x080066ec   0x000000b8   Code   RO         1853    i.eMBPoll           mb.o
    0x080067a4   0x080067a4   0x0000003c   Code   RO         2125    i.eMBRTUInit        mbrtu.o
    0x080067e0   0x080067e0   0x00000050   Code   RO         2126    i.eMBRTUReceive     mbrtu.o
    0x08006830   0x08006830   0x00000058   Code   RO         2127    i.eMBRTUSend        mbrtu.o
    0x08006888   0x08006888   0x0000001c   Code   RO         2128    i.eMBRTUStart       mbrtu.o
    0x080068a4   0x080068a4   0x00000012   Code   RO         2129    i.eMBRTUStop        mbrtu.o
    0x080068b6   0x080068b6   0x00000002   PAD
    0x080068b8   0x080068b8   0x0000009c   Code   RO         2219    i.eMBRegCoilsCB     port.o
    0x08006954   0x08006954   0x00000080   Code   RO         2220    i.eMBRegDiscreteCB  port.o
    0x080069d4   0x080069d4   0x00000068   Code   RO         2221    i.eMBRegHoldingCB   port.o
    0x08006a3c   0x08006a3c   0x00000050   Code   RO         2222    i.eMBRegInputCB     port.o
    0x08006a8c   0x08006a8c   0x00000018   Code   RO          972    i.fputc             usart.o
    0x08006aa4   0x08006aa4   0x0000007a   Code   RO         1314    i.get_object_item   cjson.o
    0x08006b1e   0x08006b1e   0x00000002   PAD
    0x08006b20   0x08006b20   0x00000050   Code   RO         5782    i.internal_alloc    mc_w.l(mallocr.o)
    0x08006b70   0x08006b70   0x00000110   Code   RO          653    i.main              main.o
    0x08006c80   0x08006c80   0x000000d0   Code   RO         1316    i.parse_array       cjson.o
    0x08006d50   0x08006d50   0x00000040   Code   RO         1317    i.parse_hex4        cjson.o
    0x08006d90   0x08006d90   0x000000f0   Code   RO         1318    i.parse_number      cjson.o
    0x08006e80   0x08006e80   0x00000110   Code   RO         1319    i.parse_object      cjson.o
    0x08006f90   0x08006f90   0x0000010c   Code   RO         1320    i.parse_string      cjson.o
    0x0800709c   0x0800709c   0x000000fc   Code   RO         1321    i.parse_value       cjson.o
    0x08007198   0x08007198   0x00000018   Code   RO         2192    i.prveMBError2Exception  mbutils.o
    0x080071b0   0x080071b0   0x0000001c   Code   RO         1937    i.prvucMBBIN2CHAR   mbascii.o
    0x080071cc   0x080071cc   0x00000018   Code   RO         1938    i.prvucMBLRC        mbascii.o
    0x080071e4   0x080071e4   0x0000006c   Code   RO         5783    i.realloc           mc_w.l(mallocr.o)
    0x08007250   0x08007250   0x0000001c   Code   RO         5485    i.strtod            m_ws.l(strtod.o)
    0x0800726c   0x0800726c   0x0000002c   Code   RO         2006    i.usMBCRC16         mbcrc.o
    0x08007298   0x08007298   0x000000d2   Code   RO         1330    i.utf16_literal_to_utf8  cjson.o
    0x0800736a   0x0800736a   0x00000002   PAD
    0x0800736c   0x0800736c   0x00000054   Code   RO         2295    i.vMBPortSerialEnable  portserial.o
    0x080073c0   0x080073c0   0x00000024   Code   RO         2375    i.vMBPortTimersDisable  porttimer.o
    0x080073e4   0x080073e4   0x00000018   Code   RO         2369    i.vMBPortTimersEnable  porttimer.o
    0x080073fc   0x080073fc   0x000000e4   Code   RO         1939    i.xMBASCIIReceiveFSM  mbascii.o
    0x080074e0   0x080074e0   0x00000030   Code   RO         1940    i.xMBASCIITimerT1SExpired  mbascii.o
    0x08007510   0x08007510   0x000000ac   Code   RO         1941    i.xMBASCIITransmitFSM  mbascii.o
    0x080075bc   0x080075bc   0x0000001c   Code   RO         2265    i.xMBPortEventGet   portevent.o
    0x080075d8   0x080075d8   0x00000010   Code   RO         2266    i.xMBPortEventInit  portevent.o
    0x080075e8   0x080075e8   0x00000010   Code   RO         2267    i.xMBPortEventPost  portevent.o
    0x080075f8   0x080075f8   0x00000010   Code   RO         2296    i.xMBPortSerialGetByte  portserial.o
    0x08007608   0x08007608   0x00000050   Code   RO         2297    i.xMBPortSerialInit  portserial.o
    0x08007658   0x08007658   0x0000000c   Code   RO         2298    i.xMBPortSerialPutByte  portserial.o
    0x08007664   0x08007664   0x00000074   Code   RO         2346    i.xMBPortTimersInit  porttimer.o
    0x080076d8   0x080076d8   0x00000068   Code   RO         2130    i.xMBRTUReceiveFSM  mbrtu.o
    0x08007740   0x08007740   0x00000040   Code   RO         2131    i.xMBRTUTimerT35Expired  mbrtu.o
    0x08007780   0x08007780   0x0000005c   Code   RO         2132    i.xMBRTUTransmitFSM  mbrtu.o
    0x080077dc   0x080077dc   0x00000818   Data   RO          332    .constdata          oled.o
    0x08007ff4   0x08007ff4   0x00000200   Data   RO         2007    .constdata          mbcrc.o
    0x080081f4   0x080081f4   0x00000012   Data   RO         2887    .constdata          stm32f1xx_hal_rcc.o
    0x08008206   0x08008206   0x00000012   Data   RO         2979    .constdata          stm32f1xx_hal_rcc_ex.o
    0x08008218   0x08008218   0x00000010   Data   RO         5451    .constdata          system_stm32f1xx.o
    0x08008228   0x08008228   0x00000008   Data   RO         5452    .constdata          system_stm32f1xx.o
    0x08008230   0x08008230   0x00000040   Data   RO         5889    .constdata          mc_w.l(ctype_c.o)
    0x08008270   0x08008270   0x00000043   Data   RO          483    .conststring        wifi4g.o
    0x080082b3   0x080082b3   0x00000001   PAD
    0x080082b4   0x080082b4   0x00000052   Data   RO          586    .conststring        mqtt.o
    0x08008306   0x08008306   0x00000002   PAD
    0x08008308   0x08008308   0x00000020   Data   RO         5891    Region$$Table       anon$$obj.o


    Execution Region RW_IRAM1 (Exec base: 0x20000000, Load base: 0x08008328, Size: 0x00000fb8, Max: 0x00005000, ABSOLUTE, COMPRESSED[0x00000060])

    Exec Addr    Load Addr    Size         Type   Attr      Idx    E Section Name        Object

    0x20000000   COMPRESSED   0x00000003   Data   RW          249    .data               modbus.o
    0x20000003   COMPRESSED   0x00000002   Data   RW          484    .data               wifi4g.o
    0x20000005   COMPRESSED   0x00000001   Data   RW          587    .data               mqtt.o
    0x20000006   COMPRESSED   0x00000001   Data   RW          588    .data               mqtt.o
    0x20000007   COMPRESSED   0x00000001   PAD
    0x20000008   COMPRESSED   0x00000008   Data   RW          654    .data               main.o
    0x20000010   COMPRESSED   0x00000001   Data   RW          713    .data               gpio.o
    0x20000011   COMPRESSED   0x00000001   Data   RW          979    .data               usart.o
    0x20000012   COMPRESSED   0x00000002   PAD
    0x20000014   COMPRESSED   0x00000004   Data   RW         1052    .data               stm32f1xx_it.o
    0x20000018   COMPRESSED   0x00000014   Data   RW         1332    .data               cjson.o
    0x2000002c   COMPRESSED   0x000000ac   Data   RW         1855    .data               mb.o
    0x200000d8   COMPRESSED   0x00000010   Data   RW         1942    .data               mbascii.o
    0x200000e8   COMPRESSED   0x00000002   Data   RW         2107    .data               mbfuncother.o
    0x200000ea   COMPRESSED   0x00000002   PAD
    0x200000ec   COMPRESSED   0x0000000c   Data   RW         2134    .data               mbrtu.o
    0x200000f8   COMPRESSED   0x00000014   Data   RW         2224    .data               port.o
    0x2000010c   COMPRESSED   0x00000002   Data   RW         2268    .data               portevent.o
    0x2000010e   COMPRESSED   0x00000002   PAD
    0x20000110   COMPRESSED   0x0000000c   Data   RW         2724    .data               stm32f1xx_hal.o
    0x2000011c   COMPRESSED   0x00000004   Data   RW         5453    .data               system_stm32f1xx.o
    0x20000120   COMPRESSED   0x00000004   Data   RW         5856    .data               mc_w.l(stdout.o)
    0x20000124   COMPRESSED   0x00000004   Data   RW         5865    .data               mc_w.l(mvars.o)
    0x20000128   COMPRESSED   0x00000004   Data   RW         5866    .data               mc_w.l(mvars.o)
    0x2000012c        -       0x00000108   Zero   RW          416    .bss                fifo.o
    0x20000234        -       0x00000120   Zero   RW          482    .bss                wifi4g.o
    0x20000354        -       0x000001a0   Zero   RW          585    .bss                mqtt.o
    0x200004f4        -       0x00000030   Zero   RW          788    .bss                adc.o
    0x20000524        -       0x00000054   Zero   RW          875    .bss                i2c.o
    0x20000578        -       0x00000090   Zero   RW          923    .bss                tim.o
    0x20000608        -       0x00000100   Zero   RW          975    .bss                usart.o
    0x20000708        -       0x0000011c   Zero   RW          976    .bss                usart.o
    0x20000824        -       0x00000048   Zero   RW         1194    .bss                stm32f1xx_hal_timebase_tim.o
    0x2000086c        -       0x00000020   Zero   RW         2106    .bss                mbfuncother.o
    0x2000088c        -       0x00000100   Zero   RW         2133    .bss                mbrtu.o
    0x2000098c        -       0x00000028   Zero   RW         2223    .bss                port.o
    0x200009b4   COMPRESSED   0x00000004   PAD
    0x200009b8        -       0x00000200   Zero   RW            2    HEAP                startup_stm32f103xb.o
    0x20000bb8        -       0x00000400   Zero   RW            1    STACK               startup_stm32f103xb.o


==============================================================================

Image component sizes


      Code (inc. data)   RO Data    RW Data    ZI Data      Debug   Object Name

       460         60          0          0         48       2515   adc.o
       572         46          0          0          0     459431   aht20.o
      2054         62          0         20          0      18500   cjson.o
        44          4          0          0          0        766   dma.o
       236         16          0          0        264       4563   fifo.o
       412         38          0          1          0       2818   gpio.o
       156         26          0          0         84       1745   i2c.o
       372         60          0          0          0       4682   ina226.o
       520        136          0          8          0       2940   main.o
       484         78          0        172          0       8252   mb.o
       738         38          0         16          0       8488   mbascii.o
        44          4        512          0          0       1200   mbcrc.o
       300          0          0          0          0       3590   mbfunccoils.o
       114          0          0          0          0       1492   mbfuncdisc.o
       378          0          0          0          0       4979   mbfuncholding.o
        98          0          0          0          0       1483   mbfuncinput.o
        36         10          0          2         32       1303   mbfuncother.o
       534         48          0         12        256       6095   mbrtu.o
        24          0          0          0          0        600   mbutils.o
       292         46          0          3          0       3063   modbus.o
       888        372         82          2        416       5187   mqtt.o
       568         16       2072          0          0       5018   oled.o
       468         26          0         20         40       4269   port.o
        60         14          0          2          0       2084   portevent.o
       260         40          0          0          0       3360   portserial.o
       208         26          0          0          0       2575   porttimer.o
        36          8        236          0       1536        808   startup_stm32f103xb.o
       100         18          0         12          0       5270   stm32f1xx_hal.o
      1260         54          0          0          0       6556   stm32f1xx_hal_adc.o
       216          6          0          0          0       1438   stm32f1xx_hal_adc_ex.o
       158         14          0          0          0      28210   stm32f1xx_hal_cortex.o
       808         36          0          0          0       5014   stm32f1xx_hal_dma.o
       514         40          0          0          0       3503   stm32f1xx_hal_gpio.o
      3666         94          0          0          0      17725   stm32f1xx_hal_i2c.o
        44          6          0          0          0        842   stm32f1xx_hal_msp.o
      1304         94         18          0          0       5765   stm32f1xx_hal_rcc.o
       400         28         18          0          0       2477   stm32f1xx_hal_rcc_ex.o
       974         24          0          0          0      10493   stm32f1xx_hal_tim.o
       108         12          0          0          0       2417   stm32f1xx_hal_tim_ex.o
       140         22          0          0         72       1435   stm32f1xx_hal_timebase_tim.o
      2022         24          0          0          0      14377   stm32f1xx_hal_uart.o
       568        138          0          4          0       9725   stm32f1xx_it.o
         2          0         24          4          0       1131   system_stm32f1xx.o
       204         24          0          0        144       1772   tim.o
       544         62          0          1        540       3952   usart.o
       832        324         67          2        288       4011   wifi4g.o

    ----------------------------------------------------------------------
     24272       2194       3064        288       3724     687919   Object Totals
         0          0         32          0          0          0   (incl. Generated)
        52          0          3          7          4          0   (incl. Padding)

    ----------------------------------------------------------------------

      Code (inc. data)   RO Data    RW Data    ZI Data      Debug   Library Member Name

        28          0          0          0          0         80   strtod.o
        86          0          0          0          0          0   __dczerorl2.o
        64          0          0          0          0         84   _sgetc.o
        40          6         64          0          0         68   ctype_c.o
         0          0          0          0          0          0   entry.o
         0          0          0          0          0          0   entry10a.o
         0          0          0          0          0          0   entry11a.o
         4          0          0          0          0          0   entry12b.o
         8          4          0          0          0          0   entry2.o
         4          0          0          0          0          0   entry5.o
         0          0          0          0          0          0   entry7b.o
         0          0          0          0          0          0   entry8b.o
         8          4          0          0          0          0   entry9a.o
        30          0          0          0          0          0   handlers.o
        36          8          0          0          0         68   init.o
        10          0          0          0          0         68   isspace_c.o
         0          0          0          0          0          0   iusefp.o
        30          0          0          0          0         68   llshl.o
        36          0          0          0          0         68   llsshr.o
        32          0          0          0          0         68   llushr.o
       360         30          0          0          0        356   mallocr.o
        26          0          0          0          0         80   memcmp.o
        36          0          0          0          0         68   memcpya.o
        36          0          0          0          0        108   memseta.o
         0          0          0          8          0          0   mvars.o
      2268         96          0          0          0        616   printfa.o
       878         12          0          0          0        216   scanf_fp.o
         0          0          0          4          0          0   stdout.o
        28          0          0          0          0         76   strcmp.o
        18          0          0          0          0         68   strcpy.o
        14          0          0          0          0         68   strlen.o
        30          0          0          0          0         80   strncmp.o
        36          0          0          0          0         80   strstr.o
       156         12          0          0          0        120   strtod.o
        12          0          0          0          0         68   tolower.o
        44          0          0          0          0         80   uidiv.o
        98          0          0          0          0         92   uldiv.o
        48          0          0          0          0         68   cdcmple.o
        48          0          0          0          0         68   cdrcmple.o
        56          0          0          0          0         88   d2f.o
       334          0          0          0          0        148   dadd.o
       222          0          0          0          0        100   ddiv.o
       186          0          0          0          0        176   depilogue.o
        62          0          0          0          0         80   dfixi.o
        48          0          0          0          0         68   dfixul.o
        26          0          0          0          0         76   dfltui.o
        24          0          0          0          0         76   dfltul.o
       228          0          0          0          0         96   dmul.o
        46          0          0          0          0         80   dscalb.o
       124          0          0          0          0         88   fdiv.o
       110          0          0          0          0        168   fepilogue.o
        40          0          0          0          0         68   ffixui.o
        10          0          0          0          0         68   ffltui.o
       100          0          0          0          0         76   fmul.o

    ----------------------------------------------------------------------
      6176        172         64         12          0       4340   Library Totals
         8          0          0          0          0          0   (incl. Padding)

    ----------------------------------------------------------------------

      Code (inc. data)   RO Data    RW Data    ZI Data      Debug   Library Name

        28          0          0          0          0         80   m_ws.l
      4428        172         64         12          0       2668   mc_w.l
      1712          0          0          0          0       1592   mf_w.l

    ----------------------------------------------------------------------
      6176        172         64         12          0       4340   Library Totals

    ----------------------------------------------------------------------

==============================================================================


      Code (inc. data)   RO Data    RW Data    ZI Data      Debug   

     30448       2366       3128        300       3724     678399   Grand Totals
     30448       2366       3128         96       3724     678399   ELF Image Totals (compressed)
     30448       2366       3128         96          0          0   ROM Totals

==============================================================================

    Total RO  Size (Code + RO Data)                33576 (  32.79kB)
    Total RW  Size (RW Data + ZI Data)              4024 (   3.93kB)
    Total ROM Size (Code + RO Data + RW Data)      33672 (  32.88kB)

==============================================================================

