<html>
<body>
<pre>
<h1>µVision Build Log</h1>
<h2>Tool Versions:</h2>
IDE-Version: ¦ÌVision V5.32.0.0
Copyright (C) 2020 ARM Ltd and ARM Germany GmbH. All rights reserved.
License Information:  ,  , LIC=585FJ-URX5K-Z9WG9-42P1P-1RV7I-JDX5V
 
Tool Versions:
Toolchain:       MDK-ARM Plus  Version: 5.32.0.0
Toolchain Path:  D:\Software\Keil_v5\ARM\ARMCC\Bin
C Compiler:      Armcc.exe V5.06 update 7 (build 960)
Assembler:       Armasm.exe V5.06 update 7 (build 960)
Linker/Locator:  ArmLink.exe V5.06 update 7 (build 960)
Library Manager: ArmAr.exe V5.06 update 7 (build 960)
Hex Converter:   FromElf.exe V5.06 update 7 (build 960)
CPU DLL:         SARMCM3.DLL V5.32.0.0
Dialog DLL:      DCM.DLL V1.17.3.0
Target DLL:      STLink\ST-LINKIII-KEIL_SWO.dll V3.0.8.0
Dialog DLL:      TCM.DLL V1.46.0.0
 
<h2>Project:</h2>
E:\YShengli\02-ClassNotes\emb2407\04-stm32\49-mqtt-wifi\MDK-ARM\49-mqtt-wifi.uvprojx
Project File Date:  09/14/2024

<h2>Output:</h2>
*** Using Compiler 'V5.06 update 7 (build 960)', folder: 'D:\Software\Keil_v5\ARM\ARMCC\Bin'
Build target '49-mqtt-wifi'
assembling startup_stm32f103xb.s...
compiling fifo.c...
compiling mb.c...
compiling mbfuncdiag.c...
compiling mbfunccoils.c...
compiling mbcrc.c...
compiling mbfuncdisc.c...
compiling mbascii.c...
compiling mbfuncholding.c...
compiling mbfuncinput.c...
compiling mbrtu.c...
compiling mbfuncother.c...
compiling mbtcp.c...
compiling mbutils.c...
compiling portevent.c...
compiling cJSON.c...
compiling mqtt.c...
compiling modbus.c...
compiling wifi4g.c...
compiling gpio.c...
compiling ina226.c...
compiling usart.c...
compiling aht20.c...
compiling dma.c...
compiling i2c.c...
compiling port.c...
compiling stm32f1xx_it.c...
compiling tim.c...
compiling stm32f1xx_hal_gpio_ex.c...
compiling stm32f1xx_hal_timebase_tim.c...
compiling portserial.c...
compiling stm32f1xx_hal_msp.c...
compiling oled.c...
compiling adc.c...
compiling main.c...
compiling porttimer.c...
compiling stm32f1xx_hal.c...
compiling stm32f1xx_hal_adc_ex.c...
compiling stm32f1xx_hal_adc.c...
compiling stm32f1xx_hal_rcc_ex.c...
compiling stm32f1xx_hal_gpio.c...
compiling stm32f1xx_hal_rcc.c...
compiling stm32f1xx_hal_dma.c...
compiling stm32f1xx_hal_pwr.c...
compiling stm32f1xx_hal_cortex.c...
compiling stm32f1xx_hal_flash_ex.c...
compiling stm32f1xx_hal_flash.c...
compiling stm32f1xx_hal_exti.c...
compiling system_stm32f1xx.c...
compiling stm32f1xx_hal_uart.c...
compiling stm32f1xx_hal_tim_ex.c...
compiling stm32f1xx_hal_i2c.c...
compiling stm32f1xx_hal_tim.c...
linking...
Program Size: Code=30448 RO-data=3128 RW-data=300 ZI-data=3724  
FromELF: creating hex file...
"49-mqtt-wifi\49-mqtt-wifi.axf" - 0 Error(s), 0 Warning(s).

<h2>Software Packages used:</h2>

Package Vendor: ARM
                http://www.keil.com/pack/ARM.CMSIS.5.7.0.pack
                ARM.CMSIS.5.7.0
                CMSIS (Cortex Microcontroller Software Interface Standard)
   * Component: CORE Version: 5.4.0

Package Vendor: Keil
                http://www.keil.com/pack/Keil.STM32F1xx_DFP.2.3.0.pack
                Keil.STM32F1xx_DFP.2.3.0
                STMicroelectronics STM32F1 Series Device Support, Drivers and Examples

<h2>Collection of Component include folders:</h2>
  .\RTE\_49-mqtt-wifi
  C:\Users\shengli\AppData\Local\Arm\Packs\ARM\CMSIS\5.7.0\CMSIS\Core\Include
  C:\Users\shengli\AppData\Local\Arm\Packs\Keil\STM32F1xx_DFP\2.3.0\Device\Include

<h2>Collection of Component Files used:</h2>

   * Component: ARM::CMSIS:CORE:5.4.0
      Include file:  CMSIS\Core\Include\tz_context.h
Build Time Elapsed:  00:00:03
</pre>
</body>
</html>
